// Jest Snapshot v1, https://goo.gl/fbAQLP

exports[`smoke and snapshot tests matches snapshot for fair coin 1`] = `
<div>
  <LabeledSlider
    color="#52A081"
    fadeIcons={false}
    handleValueChange={[Function]}
    max={0.99}
    maxIcon="check-circle"
    min={0.01}
    minIcon="times-circle"
    sliderHeight={6}
    sliderPadding={10}
    step={0.01}
    tickCount={2}
    title="Probability of flipping heads: 50%"
    value={0.5}
  />
  <styled.table
    margin="0.72rem 0 0 0"
  >
    <thead>
      <tr>
        <th>
          Prob. of H
        </th>
        <th>
          Prob. of T
        </th>
        <th>
          Prob. of HT
        </th>
        <th>
          Prob. of TH
        </th>
      </tr>
    </thead>
    <tbody>
      <tr>
        <td>
          50%
        </td>
        <td>
          50%
        </td>
        <td>
          50%
           × 
          50%
           =
           
          <styled.span
            bold={true}
            color="#52A081"
          >
            25.00%
          </styled.span>
        </td>
        <td>
          50%
           × 
          50%
           =
           
          <styled.span
            bold={true}
            color="#52A081"
          >
            25.00%
          </styled.span>
        </td>
      </tr>
    </tbody>
  </styled.table>
</div>
`;

exports[`smoke and snapshot tests matches snapshot for unfair coin 1`] = `
<div>
  <LabeledSlider
    color="#52A081"
    fadeIcons={false}
    handleValueChange={[Function]}
    max={0.99}
    maxIcon="check-circle"
    min={0.01}
    minIcon="times-circle"
    sliderHeight={6}
    sliderPadding={10}
    step={0.01}
    tickCount={2}
    title="Probability of flipping heads: 50%"
    value={0.5}
  />
  <styled.table
    margin="0.72rem 0 0 0"
  >
    <thead>
      <tr>
        <th>
          Prob. of H
        </th>
        <th>
          Prob. of T
        </th>
        <th>
          Prob. of HT
        </th>
        <th>
          Prob. of TH
        </th>
      </tr>
    </thead>
    <tbody>
      <tr>
        <td>
          50%
        </td>
        <td>
          50%
        </td>
        <td>
          50%
           × 
          50%
           =
           
          <styled.span
            bold={true}
            color="#52A081"
          >
            25.00%
          </styled.span>
        </td>
        <td>
          50%
           × 
          50%
           =
           
          <styled.span
            bold={true}
            color="#52A081"
          >
            25.00%
          </styled.span>
        </td>
      </tr>
    </tbody>
  </styled.table>
</div>
`;
