// Jest Snapshot v1, https://goo.gl/fbAQLP

exports[`matches snapshot 1`] = `
<StyledComponent
  forwardedComponent={
    Object {
      "$$typeof": Symbol(react.forward_ref),
      "attrs": Array [],
      "componentStyle": ComponentStyle {
        "componentId": "sc-bdVaJa",
        "isStatic": false,
        "rules": Array [
          "
  width: ",
          [Function],
          ";
  margin: ",
          [Function],
          ";

  ",
          [Function],
          ";
",
        ],
      },
      "defaultProps": Object {
        "fullWidthAt": "extraSmall",
        "margin": "0 auto",
        "width": "80%",
      },
      "displayName": "styled.div",
      "foldedComponentIds": Array [],
      "propTypes": Object {
        "fullWidthAt": [Function],
        "margin": [Function],
        "width": [Function],
      },
      "render": [Function],
      "styledComponentId": "sc-bdVaJa",
      "target": "div",
      "toString": [Function],
      "warnTooManyClasses": [Function],
      "withComponent": [Function],
    }
  }
  forwardedRef={null}
  fullWidthAt="small"
  margin="0 auto"
  width="75%"
>
  <div>
    hello
  </div>
  <div>
    goodbye
  </div>
</StyledComponent>
`;
