// Jest Snapshot v1, https://goo.gl/fbAQLP

exports[`smoke and snapshot tests renders first demonstration successfully 1`] = `
<DocumentFragment>
  <div
    class="sc-VigVT dlyLpD"
    width="60%"
  >
    <div
      class="sc-iwsKbI ccYDrq"
      width="auto"
    >
      <div
        class="sc-dVhcbM ecVKIK"
      >
        <div
          class="sc-bRBYWo gtDXeL"
        >
          <p
            class="sc-Rmtcm bImzes"
          >
            Number of coin flips: 20
          </p>
          <section>
            <p
              class="sc-hzDkRC kxpnkL"
            >
              <i
                class="sc-gZMcBi dPNFn fas fa-circle fa-1x false"
                disabled=""
                style="color: rgb(82, 160, 129); opacity: 1;"
              />
            </p>
            <div
              class="rc-slider sc-chPdSV cfGHBl"
            >
              <div
                class="rc-slider-rail"
              />
              <div
                class="rc-slider-track"
                style="left: 0%; width: 19.19191919191919%;"
              />
              <div
                class="rc-slider-step"
              />
              <div
                aria-disabled="false"
                aria-valuemax="100"
                aria-valuemin="1"
                aria-valuenow="20"
                class="rc-slider-handle"
                role="slider"
                style="left: 19.19191919191919%; transform: translateX(-50%);"
                tabindex="0"
              />
              <div
                class="rc-slider-mark"
              />
              <div
                class="sc-iwsKbI gQUqIM"
                width="auto"
              >
                <div
                  class="sc-jAaTju gWmudL"
                  color="#91c7b1"
                  offset="10"
                  width="6"
                />
                <div
                  class="sc-jAaTju kbZoje"
                  color="#e9e9e9"
                  offset="10"
                  width="6"
                />
              </div>
            </div>
            <p
              class="sc-hzDkRC kxpnkL"
            >
              <i
                class="sc-gZMcBi dPNFn fas fa-coins fa-1x false"
                disabled=""
                style="color: rgb(82, 160, 129); opacity: 1;"
              />
            </p>
          </section>
        </div>
      </div>
      <div
        class="sc-dVhcbM ecVKIK"
      >
        <div
          class="sc-bRBYWo gtDXeL"
        >
          <p
            class="sc-Rmtcm bImzes"
          >
            Probability of flipping heads: 5%
          </p>
          <section>
            <p
              class="sc-hzDkRC kxpnkL"
            >
              <i
                class="sc-gZMcBi dPNFn fas fa-times-circle fa-1x false"
                disabled=""
                style="color: rgb(82, 160, 129); opacity: 1;"
              />
            </p>
            <div
              class="rc-slider sc-chPdSV cfGHBl"
            >
              <div
                class="rc-slider-rail"
              />
              <div
                class="rc-slider-track"
                style="left: 0%; width: 5%;"
              />
              <div
                class="rc-slider-step"
              />
              <div
                aria-disabled="false"
                aria-valuemax="1"
                aria-valuemin="0"
                aria-valuenow="0.05"
                class="rc-slider-handle"
                role="slider"
                style="left: 5%; transform: translateX(-50%);"
                tabindex="0"
              />
              <div
                class="rc-slider-mark"
              />
              <div
                class="sc-iwsKbI gQUqIM"
                width="auto"
              >
                <div
                  class="sc-jAaTju gWmudL"
                  color="#91c7b1"
                  offset="10"
                  width="6"
                />
                <div
                  class="sc-jAaTju kbZoje"
                  color="#e9e9e9"
                  offset="10"
                  width="6"
                />
              </div>
            </div>
            <p
              class="sc-hzDkRC kxpnkL"
            >
              <i
                class="sc-gZMcBi dPNFn fas fa-check-circle fa-1x false"
                disabled=""
                style="color: rgb(82, 160, 129); opacity: 1;"
              />
            </p>
          </section>
        </div>
      </div>
    </div>
    <div>
      <svg
        class="sc-gzVnrw jUuqtv"
        viewBox="0 0 600 400"
        xmlns="http://www.w3.org/2000/svg"
      >
        <defs>
          <clippath
            id="clip-path-coinflips"
          >
            <rect
              height="400"
              width="600"
              x="0"
              y="0"
            />
          </clippath>
        </defs>
        <g
          clip-path="url(#clip-path-coinflips)"
        >
          <g>
            <g>
              <rect
                fill="#52A081"
                height="351.5"
                width="26"
                x="11"
                y="28.500000000000018"
              />
            </g>
            <g>
              <rect
                fill="#52A081"
                height="370"
                width="25"
                x="39"
                y="10"
              />
            </g>
            <g>
              <rect
                fill="#52A081"
                height="185.00000000000003"
                width="26"
                x="66"
                y="194.99999999999997"
              />
            </g>
            <g>
              <rect
                fill="#52A081"
                height="58.42105263157896"
                width="25"
                x="94"
                y="321.57894736842104"
              />
            </g>
            <g>
              <rect
                fill="#52A081"
                height="13.06786703601108"
                width="26"
                x="121"
                y="366.9321329639889"
              />
            </g>
            <g>
              <rect
                fill="#52A081"
                height="2.20090392185449"
                width="26"
                x="149"
                y="377.7990960781455"
              />
            </g>
            <g>
              <rect
                fill="#52A081"
                height="0.289592621296606"
                width="25"
                x="177"
                y="379.7104073787034"
              />
            </g>
            <g>
              <rect
                fill="#52A081"
                height="0.030483433820734263"
                width="26"
                x="204"
                y="379.96951656617927"
              />
            </g>
            <g>
              <rect
                fill="#52A081"
                height="0.0026071357873433954"
                width="26"
                x="232"
                y="379.99739286421266"
              />
            </g>
            <g>
              <rect
                fill="#52A081"
                height="0.0001829568973903406"
                width="25"
                x="260"
                y="379.9998170431026"
              />
            </g>
            <g>
              <rect
                fill="#52A081"
                height="0.000010592241437734629"
                width="26"
                x="287"
                y="379.99998940775856"
              />
            </g>
            <g>
              <rect
                fill="#52A081"
                height="5.06805804434407e-7"
                width="25"
                x="315"
                y="379.9999994931942"
              />
            </g>
            <g>
              <rect
                fill="#52A081"
                height="2.0005472833872773e-8"
                width="26"
                x="342"
                y="379.9999999799945"
              />
            </g>
            <g>
              <rect
                fill="#52A081"
                height="6.479581315943506e-10"
                width="26"
                x="370"
                y="379.99999999935204"
              />
            </g>
            <g>
              <rect
                fill="#52A081"
                height="1.7053025658242404e-11"
                width="25"
                x="398"
                y="379.99999999998295"
              />
            </g>
            <g>
              <rect
                fill="#52A081"
                height="3.979039320256561e-13"
                width="26"
                x="425"
                y="379.9999999999996"
              />
            </g>
            <g>
              <rect
                fill="#52A081"
                height="0"
                width="26"
                x="453"
                y="380"
              />
            </g>
            <g>
              <rect
                fill="#52A081"
                height="0"
                width="25"
                x="481"
                y="380"
              />
            </g>
            <g>
              <rect
                fill="#52A081"
                height="0"
                width="26"
                x="508"
                y="380"
              />
            </g>
            <g>
              <rect
                fill="#52A081"
                height="0"
                width="25"
                x="536"
                y="380"
              />
            </g>
            <g>
              <rect
                fill="#52A081"
                height="0"
                width="26"
                x="563"
                y="380"
              />
            </g>
            <g
              class="sc-kpOJdX emYCed"
              fill="none"
              font-family="sans-serif"
              font-size="10"
              text-anchor="end"
              transform="translate(9.5,-0.5)"
            >
              <path
                class="domain"
                d="M0.5,380.5V10.5"
                stroke="currentColor"
              />
              <g
                class="tick"
                opacity="1"
                transform="translate(0,380.5)"
              >
                <line
                  stroke="currentColor"
                  transform="translate(0, 0)"
                  x2="580"
                />
                <text
                  dy="12"
                  fill="currentColor"
                  style="text-anchor: start;"
                  x="4"
                >
                  0%
                </text>
              </g>
              <g
                class="tick"
                opacity="1"
                transform="translate(0,360.88974598286063)"
              >
                <line
                  stroke="currentColor"
                  transform="translate(0, 0)"
                  x2="580"
                />
                <text
                  dy="12"
                  fill="currentColor"
                  style="text-anchor: start;"
                  x="4"
                >
                  2%
                </text>
              </g>
              <g
                class="tick"
                opacity="1"
                transform="translate(0,341.2794919657214)"
              >
                <line
                  stroke="currentColor"
                  transform="translate(0, 0)"
                  x2="580"
                />
                <text
                  dy="12"
                  fill="currentColor"
                  style="text-anchor: start;"
                  x="4"
                >
                  4%
                </text>
              </g>
              <g
                class="tick"
                opacity="1"
                transform="translate(0,321.66923794858207)"
              >
                <line
                  stroke="currentColor"
                  transform="translate(0, 0)"
                  x2="580"
                />
                <text
                  dy="12"
                  fill="currentColor"
                  style="text-anchor: start;"
                  x="4"
                >
                  6%
                </text>
              </g>
              <g
                class="tick"
                opacity="1"
                transform="translate(0,302.0589839314428)"
              >
                <line
                  stroke="currentColor"
                  transform="translate(0, 0)"
                  x2="580"
                />
                <text
                  dy="12"
                  fill="currentColor"
                  style="text-anchor: start;"
                  x="4"
                >
                  8%
                </text>
              </g>
              <g
                class="tick"
                opacity="1"
                transform="translate(0,282.44872991430344)"
              >
                <line
                  stroke="currentColor"
                  transform="translate(0, 0)"
                  x2="580"
                />
                <text
                  dy="12"
                  fill="currentColor"
                  style="text-anchor: start;"
                  x="4"
                >
                  10%
                </text>
              </g>
              <g
                class="tick"
                opacity="1"
                transform="translate(0,262.83847589716413)"
              >
                <line
                  stroke="currentColor"
                  transform="translate(0, 0)"
                  x2="580"
                />
                <text
                  dy="12"
                  fill="currentColor"
                  style="text-anchor: start;"
                  x="4"
                >
                  12%
                </text>
              </g>
              <g
                class="tick"
                opacity="1"
                transform="translate(0,243.22822188002482)"
              >
                <line
                  stroke="currentColor"
                  transform="translate(0, 0)"
                  x2="580"
                />
                <text
                  dy="12"
                  fill="currentColor"
                  style="text-anchor: start;"
                  x="4"
                >
                  14%
                </text>
              </g>
              <g
                class="tick"
                opacity="1"
                transform="translate(0,223.61796786288554)"
              >
                <line
                  stroke="currentColor"
                  transform="translate(0, 0)"
                  x2="580"
                />
                <text
                  dy="12"
                  fill="currentColor"
                  style="text-anchor: start;"
                  x="4"
                >
                  16%
                </text>
              </g>
              <g
                class="tick"
                opacity="1"
                transform="translate(0,204.00771384574625)"
              >
                <line
                  stroke="currentColor"
                  transform="translate(0, 0)"
                  x2="580"
                />
                <text
                  dy="12"
                  fill="currentColor"
                  style="text-anchor: start;"
                  x="4"
                >
                  18%
                </text>
              </g>
              <g
                class="tick"
                opacity="1"
                transform="translate(0,184.39745982860688)"
              >
                <line
                  stroke="currentColor"
                  transform="translate(0, 0)"
                  x2="580"
                />
                <text
                  dy="12"
                  fill="currentColor"
                  style="text-anchor: start;"
                  x="4"
                >
                  20%
                </text>
              </g>
              <g
                class="tick"
                opacity="1"
                transform="translate(0,164.7872058114676)"
              >
                <line
                  stroke="currentColor"
                  transform="translate(0, 0)"
                  x2="580"
                />
                <text
                  dy="12"
                  fill="currentColor"
                  style="text-anchor: start;"
                  x="4"
                >
                  22%
                </text>
              </g>
              <g
                class="tick"
                opacity="1"
                transform="translate(0,145.17695179432835)"
              >
                <line
                  stroke="currentColor"
                  transform="translate(0, 0)"
                  x2="580"
                />
                <text
                  dy="12"
                  fill="currentColor"
                  style="text-anchor: start;"
                  x="4"
                >
                  24%
                </text>
              </g>
              <g
                class="tick"
                opacity="1"
                transform="translate(0,125.56669777718899)"
              >
                <line
                  stroke="currentColor"
                  transform="translate(0, 0)"
                  x2="580"
                />
                <text
                  dy="12"
                  fill="currentColor"
                  style="text-anchor: start;"
                  x="4"
                >
                  26%
                </text>
              </g>
              <g
                class="tick"
                opacity="1"
                transform="translate(0,105.95644376004967)"
              >
                <line
                  stroke="currentColor"
                  transform="translate(0, 0)"
                  x2="580"
                />
                <text
                  dy="12"
                  fill="currentColor"
                  style="text-anchor: start;"
                  x="4"
                >
                  28%
                </text>
              </g>
              <g
                class="tick"
                opacity="1"
                transform="translate(0,86.3461897429104)"
              >
                <line
                  stroke="currentColor"
                  transform="translate(0, 0)"
                  x2="580"
                />
                <text
                  dy="12"
                  fill="currentColor"
                  style="text-anchor: start;"
                  x="4"
                >
                  30%
                </text>
              </g>
              <g
                class="tick"
                opacity="1"
                transform="translate(0,66.73593572577107)"
              >
                <line
                  stroke="currentColor"
                  transform="translate(0, 0)"
                  x2="580"
                />
                <text
                  dy="12"
                  fill="currentColor"
                  style="text-anchor: start;"
                  x="4"
                >
                  32%
                </text>
              </g>
              <g
                class="tick"
                opacity="1"
                transform="translate(0,47.125681708631745)"
              >
                <line
                  stroke="currentColor"
                  transform="translate(0, 0)"
                  x2="580"
                />
                <text
                  dy="12"
                  fill="currentColor"
                  style="text-anchor: start;"
                  x="4"
                >
                  34%
                </text>
              </g>
              <g
                class="tick"
                opacity="1"
                transform="translate(0,27.515427691492462)"
              >
                <line
                  stroke="currentColor"
                  transform="translate(0, 0)"
                  x2="580"
                />
                <text
                  dy="12"
                  fill="currentColor"
                  style="text-anchor: start;"
                  x="4"
                >
                  36%
                </text>
              </g>
              <g
                class="tick"
                opacity="1"
                transform="translate(0,7.905173674353099)"
              >
                <line
                  stroke="currentColor"
                  transform="translate(0, 0)"
                  x2="580"
                />
                <text
                  dy="12"
                  fill="currentColor"
                  style="text-anchor: start;"
                  x="4"
                >
                  38%
                </text>
              </g>
            </g>
            <g
              class="sc-kpOJdX iUIZgX"
              fill="none"
              font-family="sans-serif"
              font-size="10"
              text-anchor="middle"
              transform="translate(-0.5,379.5)"
            >
              <path
                class="domain"
                d="M10.5,6V0.5H590.5V6"
                stroke="currentColor"
              />
              <g
                class="tick"
                opacity="1"
                transform="translate(10.5,0)"
              >
                <line
                  stroke="currentColor"
                  transform="translate(0,0)"
                  y2="6"
                />
                <text
                  dy="0.71em"
                  fill="currentColor"
                  y="9"
                />
              </g>
              <g
                class="tick"
                opacity="1"
                transform="translate(38.5,0)"
              >
                <line
                  stroke="currentColor"
                  transform="translate(0,0)"
                  y2="6"
                />
                <text
                  dy="0.71em"
                  fill="currentColor"
                  y="9"
                />
              </g>
              <g
                class="tick"
                opacity="1"
                transform="translate(65.5,0)"
              >
                <line
                  stroke="currentColor"
                  transform="translate(0,0)"
                  y2="6"
                />
                <text
                  dy="0.71em"
                  fill="currentColor"
                  y="9"
                />
              </g>
              <g
                class="tick"
                opacity="1"
                transform="translate(93.5,0)"
              >
                <line
                  stroke="currentColor"
                  transform="translate(0,0)"
                  y2="6"
                />
                <text
                  dy="0.71em"
                  fill="currentColor"
                  y="9"
                />
              </g>
              <g
                class="tick"
                opacity="1"
                transform="translate(120.5,0)"
              >
                <line
                  stroke="currentColor"
                  transform="translate(0,0)"
                  y2="6"
                />
                <text
                  dy="0.71em"
                  fill="currentColor"
                  y="9"
                />
              </g>
              <g
                class="tick"
                opacity="1"
                transform="translate(148.5,0)"
              >
                <line
                  stroke="currentColor"
                  transform="translate(0,0)"
                  y2="6"
                />
                <text
                  dy="0.71em"
                  fill="currentColor"
                  y="9"
                />
              </g>
              <g
                class="tick"
                opacity="1"
                transform="translate(176.5,0)"
              >
                <line
                  stroke="currentColor"
                  transform="translate(0,0)"
                  y2="6"
                />
                <text
                  dy="0.71em"
                  fill="currentColor"
                  y="9"
                />
              </g>
              <g
                class="tick"
                opacity="1"
                transform="translate(203.5,0)"
              >
                <line
                  stroke="currentColor"
                  transform="translate(0,0)"
                  y2="6"
                />
                <text
                  dy="0.71em"
                  fill="currentColor"
                  y="9"
                />
              </g>
              <g
                class="tick"
                opacity="1"
                transform="translate(231.5,0)"
              >
                <line
                  stroke="currentColor"
                  transform="translate(0,0)"
                  y2="6"
                />
                <text
                  dy="0.71em"
                  fill="currentColor"
                  y="9"
                />
              </g>
              <g
                class="tick"
                opacity="1"
                transform="translate(259.5,0)"
              >
                <line
                  stroke="currentColor"
                  transform="translate(0,0)"
                  y2="6"
                />
                <text
                  dy="0.71em"
                  fill="currentColor"
                  y="9"
                />
              </g>
              <g
                class="tick"
                opacity="1"
                transform="translate(286.5,0)"
              >
                <line
                  stroke="currentColor"
                  transform="translate(0,0)"
                  y2="6"
                />
                <text
                  dy="0.71em"
                  fill="currentColor"
                  y="9"
                />
              </g>
              <g
                class="tick"
                opacity="1"
                transform="translate(314.5,0)"
              >
                <line
                  stroke="currentColor"
                  transform="translate(0,0)"
                  y2="6"
                />
                <text
                  dy="0.71em"
                  fill="currentColor"
                  y="9"
                />
              </g>
              <g
                class="tick"
                opacity="1"
                transform="translate(341.5,0)"
              >
                <line
                  stroke="currentColor"
                  transform="translate(0,0)"
                  y2="6"
                />
                <text
                  dy="0.71em"
                  fill="currentColor"
                  y="9"
                />
              </g>
              <g
                class="tick"
                opacity="1"
                transform="translate(369.5,0)"
              >
                <line
                  stroke="currentColor"
                  transform="translate(0,0)"
                  y2="6"
                />
                <text
                  dy="0.71em"
                  fill="currentColor"
                  y="9"
                />
              </g>
              <g
                class="tick"
                opacity="1"
                transform="translate(397.5,0)"
              >
                <line
                  stroke="currentColor"
                  transform="translate(0,0)"
                  y2="6"
                />
                <text
                  dy="0.71em"
                  fill="currentColor"
                  y="9"
                />
              </g>
              <g
                class="tick"
                opacity="1"
                transform="translate(424.5,0)"
              >
                <line
                  stroke="currentColor"
                  transform="translate(0,0)"
                  y2="6"
                />
                <text
                  dy="0.71em"
                  fill="currentColor"
                  y="9"
                />
              </g>
              <g
                class="tick"
                opacity="1"
                transform="translate(452.5,0)"
              >
                <line
                  stroke="currentColor"
                  transform="translate(0,0)"
                  y2="6"
                />
                <text
                  dy="0.71em"
                  fill="currentColor"
                  y="9"
                />
              </g>
              <g
                class="tick"
                opacity="1"
                transform="translate(480.5,0)"
              >
                <line
                  stroke="currentColor"
                  transform="translate(0,0)"
                  y2="6"
                />
                <text
                  dy="0.71em"
                  fill="currentColor"
                  y="9"
                />
              </g>
              <g
                class="tick"
                opacity="1"
                transform="translate(507.5,0)"
              >
                <line
                  stroke="currentColor"
                  transform="translate(0,0)"
                  y2="6"
                />
                <text
                  dy="0.71em"
                  fill="currentColor"
                  y="9"
                />
              </g>
              <g
                class="tick"
                opacity="1"
                transform="translate(535.5,0)"
              >
                <line
                  stroke="currentColor"
                  transform="translate(0,0)"
                  y2="6"
                />
                <text
                  dy="0.71em"
                  fill="currentColor"
                  y="9"
                />
              </g>
              <g
                class="tick"
                opacity="1"
                transform="translate(562.5,0)"
              >
                <line
                  stroke="currentColor"
                  transform="translate(0,0)"
                  y2="6"
                />
                <text
                  dy="0.71em"
                  fill="currentColor"
                  y="9"
                />
              </g>
              <g
                class="tick"
                opacity="1"
                transform="translate(590.5,0)"
              >
                <line
                  stroke="currentColor"
                  transform="translate(0,0)"
                  y2="6"
                />
                <text
                  dy="0.71em"
                  fill="currentColor"
                  y="9"
                />
              </g>
            </g>
          </g>
        </g>
      </svg>
    </div>
  </div>
</DocumentFragment>
`;
