// Jest Snapshot v1, https://goo.gl/fbAQLP

exports[`matches snapshot with props and children 1`] = `
<DocumentFragment>
  <table
    class="sc-bdVaJa fPJzlp"
  >
    <thead>
      <tr>
        <th>
          1
        </th>
        <th>
          2
        </th>
      </tr>
      <tr>
        <td>
          3
        </td>
        <td>
          4
        </td>
      </tr>
    </thead>
  </table>
</DocumentFragment>
`;
