// Jest Snapshot v1, https://goo.gl/fbAQLP

exports[`smoke and snapshot tests renders first demonstration successfully 1`] = `
<div>
  <SliderProvider
    column={true}
    fullWidthAt="small"
    initialData={
      Array [
        Object {
          "color": "#555555",
          "initialValue": 2016,
          "max": 2016,
          "min": 1996,
          "step": 2,
          "title": [Function],
        },
        Object {
          "color": "#555555",
          "initialValue": 2,
          "max": 10,
          "min": 2,
          "step": 1,
          "title": [Function],
        },
      ]
    }
    render={[Function]}
    width="100%"
  />
</div>
`;
