// Jest Snapshot v1, https://goo.gl/fbAQLP

exports[`smoke and snapshot tests renders first demonstration successfully 1`] = `
<div>
  <styled.div
    fullWidthAt="small"
    width="70%"
  >
    <LabeledSlider
      color="#FF8F34"
      fadeIcons={false}
      handleValueChange={[Function]}
      max={5}
      maxIcon="expand-arrows-alt"
      min={2}
      minIcon="compress-arrows-alt"
      sliderHeight={6}
      sliderPadding={10}
      step={1}
      tickCount={4}
      title="Mesh Size"
      value={4}
    />
    <styled.div
      column={false}
      cross="stretch"
      flex={1}
      main="center"
      margin="0"
      shouldWrap={false}
      textAlign="left"
      width="auto"
    >
      <Button
        color="white"
        disabled={false}
        large={false}
        onClick={[Function]}
      >
        Start Demonstration
      </Button>
    </styled.div>
  </styled.div>
  <styled.div
    fullWidthAt="small"
    width="55%"
  >
    <ClippedSVG
      height={600}
      id="rent"
      marginTop="-1.8rem"
      padding={0}
      width={600}
    >
      <Polygon
        fill="#EEEEEE"
        key="300|70|267.5240473580835|126.24999999999999|332.4759526419164|126.25000000000001"
        points={
          Array [
            Object {
              "color": "#000000",
              "label": "A",
              "prices": Array [
                0,
                0,
                1600,
              ],
              "r": 7.5,
              "x": 300,
              "y": 70,
            },
            Object {
              "color": "#000000",
              "label": "B",
              "prices": Array [
                200,
                0,
                1400,
              ],
              "r": 7.5,
              "x": 267.5240473580835,
              "y": 126.24999999999999,
            },
            Object {
              "color": "#000000",
              "label": "C",
              "prices": Array [
                0,
                200,
                1400,
              ],
              "r": 7.5,
              "x": 332.4759526419164,
              "y": 126.25000000000001,
            },
          ]
        }
        stroke="#000000"
        strokeWidth={3}
      />
      <Polygon
        fill="#EEEEEE"
        key="267.5240473580835|126.24999999999999|235.0480947161671|182.49999999999997|300|182.5"
        points={
          Array [
            Object {
              "color": "#000000",
              "label": "B",
              "prices": Array [
                200,
                0,
                1400,
              ],
              "r": 7.5,
              "x": 267.5240473580835,
              "y": 126.24999999999999,
            },
            Object {
              "color": "#000000",
              "label": "C",
              "prices": Array [
                400,
                0,
                1200,
              ],
              "r": 7.5,
              "x": 235.0480947161671,
              "y": 182.49999999999997,
            },
            Object {
              "color": "#000000",
              "label": "A",
              "prices": Array [
                200,
                200,
                1200,
              ],
              "r": 7.5,
              "x": 300,
              "y": 182.5,
            },
          ]
        }
        stroke="#000000"
        strokeWidth={3}
      />
      <Polygon
        fill="#EEEEEE"
        key="267.5240473580835|126.24999999999999|332.4759526419164|126.25000000000001|300|182.5"
        points={
          Array [
            Object {
              "color": "#000000",
              "label": "B",
              "prices": Array [
                200,
                0,
                1400,
              ],
              "r": 7.5,
              "x": 267.5240473580835,
              "y": 126.24999999999999,
            },
            Object {
              "color": "#000000",
              "label": "C",
              "prices": Array [
                0,
                200,
                1400,
              ],
              "r": 7.5,
              "x": 332.4759526419164,
              "y": 126.25000000000001,
            },
            Object {
              "color": "#000000",
              "label": "A",
              "prices": Array [
                200,
                200,
                1200,
              ],
              "r": 7.5,
              "x": 300,
              "y": 182.5,
            },
          ]
        }
        stroke="#000000"
        strokeWidth={3}
      />
      <Polygon
        fill="#EEEEEE"
        key="332.4759526419164|126.25000000000001|300|182.5|364.95190528383284|182.50000000000003"
        points={
          Array [
            Object {
              "color": "#000000",
              "label": "C",
              "prices": Array [
                0,
                200,
                1400,
              ],
              "r": 7.5,
              "x": 332.4759526419164,
              "y": 126.25000000000001,
            },
            Object {
              "color": "#000000",
              "label": "A",
              "prices": Array [
                200,
                200,
                1200,
              ],
              "r": 7.5,
              "x": 300,
              "y": 182.5,
            },
            Object {
              "color": "#000000",
              "label": "B",
              "prices": Array [
                0,
                400,
                1200,
              ],
              "r": 7.5,
              "x": 364.95190528383284,
              "y": 182.50000000000003,
            },
          ]
        }
        stroke="#000000"
        strokeWidth={3}
      />
      <Polygon
        fill="#EEEEEE"
        key="235.0480947161671|182.49999999999997|202.57214207425062|238.74999999999994|267.5240473580835|238.75"
        points={
          Array [
            Object {
              "color": "#000000",
              "label": "C",
              "prices": Array [
                400,
                0,
                1200,
              ],
              "r": 7.5,
              "x": 235.0480947161671,
              "y": 182.49999999999997,
            },
            Object {
              "color": "#000000",
              "label": "A",
              "prices": Array [
                600,
                0,
                1000,
              ],
              "r": 7.5,
              "x": 202.57214207425062,
              "y": 238.74999999999994,
            },
            Object {
              "color": "#000000",
              "label": "B",
              "prices": Array [
                400.00000000000006,
                200,
                1000,
              ],
              "r": 7.5,
              "x": 267.5240473580835,
              "y": 238.75,
            },
          ]
        }
        stroke="#000000"
        strokeWidth={3}
      />
      <Polygon
        fill="#EEEEEE"
        key="235.0480947161671|182.49999999999997|300|182.5|267.5240473580835|238.75"
        points={
          Array [
            Object {
              "color": "#000000",
              "label": "C",
              "prices": Array [
                400,
                0,
                1200,
              ],
              "r": 7.5,
              "x": 235.0480947161671,
              "y": 182.49999999999997,
            },
            Object {
              "color": "#000000",
              "label": "A",
              "prices": Array [
                200,
                200,
                1200,
              ],
              "r": 7.5,
              "x": 300,
              "y": 182.5,
            },
            Object {
              "color": "#000000",
              "label": "B",
              "prices": Array [
                400.00000000000006,
                200,
                1000,
              ],
              "r": 7.5,
              "x": 267.5240473580835,
              "y": 238.75,
            },
          ]
        }
        stroke="#000000"
        strokeWidth={3}
      />
      <Polygon
        fill="#EEEEEE"
        key="300|182.5|267.5240473580835|238.75|332.47595264191636|238.75"
        points={
          Array [
            Object {
              "color": "#000000",
              "label": "A",
              "prices": Array [
                200,
                200,
                1200,
              ],
              "r": 7.5,
              "x": 300,
              "y": 182.5,
            },
            Object {
              "color": "#000000",
              "label": "B",
              "prices": Array [
                400.00000000000006,
                200,
                1000,
              ],
              "r": 7.5,
              "x": 267.5240473580835,
              "y": 238.75,
            },
            Object {
              "color": "#000000",
              "label": "C",
              "prices": Array [
                200.00000000000003,
                400,
                1000,
              ],
              "r": 7.5,
              "x": 332.47595264191636,
              "y": 238.75,
            },
          ]
        }
        stroke="#000000"
        strokeWidth={3}
      />
      <Polygon
        fill="#EEEEEE"
        key="300|182.5|364.95190528383284|182.50000000000003|332.47595264191636|238.75"
        points={
          Array [
            Object {
              "color": "#000000",
              "label": "A",
              "prices": Array [
                200,
                200,
                1200,
              ],
              "r": 7.5,
              "x": 300,
              "y": 182.5,
            },
            Object {
              "color": "#000000",
              "label": "B",
              "prices": Array [
                0,
                400,
                1200,
              ],
              "r": 7.5,
              "x": 364.95190528383284,
              "y": 182.50000000000003,
            },
            Object {
              "color": "#000000",
              "label": "C",
              "prices": Array [
                200.00000000000003,
                400,
                1000,
              ],
              "r": 7.5,
              "x": 332.47595264191636,
              "y": 238.75,
            },
          ]
        }
        stroke="#000000"
        strokeWidth={3}
      />
      <Polygon
        fill="#EEEEEE"
        key="364.95190528383284|182.50000000000003|332.47595264191636|238.75|397.4278579257493|238.75000000000006"
        points={
          Array [
            Object {
              "color": "#000000",
              "label": "B",
              "prices": Array [
                0,
                400,
                1200,
              ],
              "r": 7.5,
              "x": 364.95190528383284,
              "y": 182.50000000000003,
            },
            Object {
              "color": "#000000",
              "label": "C",
              "prices": Array [
                200.00000000000003,
                400,
                1000,
              ],
              "r": 7.5,
              "x": 332.47595264191636,
              "y": 238.75,
            },
            Object {
              "color": "#000000",
              "label": "A",
              "prices": Array [
                0,
                600,
                1000,
              ],
              "r": 7.5,
              "x": 397.4278579257493,
              "y": 238.75000000000006,
            },
          ]
        }
        stroke="#000000"
        strokeWidth={3}
      />
      <Polygon
        fill="#EEEEEE"
        key="202.57214207425062|238.74999999999994|170.09618943233417|294.99999999999994|235.04809471616704|294.99999999999994"
        points={
          Array [
            Object {
              "color": "#000000",
              "label": "A",
              "prices": Array [
                600,
                0,
                1000,
              ],
              "r": 7.5,
              "x": 202.57214207425062,
              "y": 238.74999999999994,
            },
            Object {
              "color": "#000000",
              "label": "B",
              "prices": Array [
                800,
                0,
                800,
              ],
              "r": 7.5,
              "x": 170.09618943233417,
              "y": 294.99999999999994,
            },
            Object {
              "color": "#000000",
              "label": "C",
              "prices": Array [
                600,
                200,
                800,
              ],
              "r": 7.5,
              "x": 235.04809471616704,
              "y": 294.99999999999994,
            },
          ]
        }
        stroke="#000000"
        strokeWidth={3}
      />
      <Polygon
        fill="#EEEEEE"
        key="202.57214207425062|238.74999999999994|267.5240473580835|238.75|235.04809471616704|294.99999999999994"
        points={
          Array [
            Object {
              "color": "#000000",
              "label": "A",
              "prices": Array [
                600,
                0,
                1000,
              ],
              "r": 7.5,
              "x": 202.57214207425062,
              "y": 238.74999999999994,
            },
            Object {
              "color": "#000000",
              "label": "B",
              "prices": Array [
                400.00000000000006,
                200,
                1000,
              ],
              "r": 7.5,
              "x": 267.5240473580835,
              "y": 238.75,
            },
            Object {
              "color": "#000000",
              "label": "C",
              "prices": Array [
                600,
                200,
                800,
              ],
              "r": 7.5,
              "x": 235.04809471616704,
              "y": 294.99999999999994,
            },
          ]
        }
        stroke="#000000"
        strokeWidth={3}
      />
      <Polygon
        fill="#EEEEEE"
        key="267.5240473580835|238.75|235.04809471616704|294.99999999999994|299.99999999999994|295"
        points={
          Array [
            Object {
              "color": "#000000",
              "label": "B",
              "prices": Array [
                400.00000000000006,
                200,
                1000,
              ],
              "r": 7.5,
              "x": 267.5240473580835,
              "y": 238.75,
            },
            Object {
              "color": "#000000",
              "label": "C",
              "prices": Array [
                600,
                200,
                800,
              ],
              "r": 7.5,
              "x": 235.04809471616704,
              "y": 294.99999999999994,
            },
            Object {
              "color": "#000000",
              "label": "A",
              "prices": Array [
                400,
                400,
                800,
              ],
              "r": 7.5,
              "x": 299.99999999999994,
              "y": 295,
            },
          ]
        }
        stroke="#000000"
        strokeWidth={3}
      />
      <Polygon
        fill="#EEEEEE"
        key="267.5240473580835|238.75|332.47595264191636|238.75|299.99999999999994|295"
        points={
          Array [
            Object {
              "color": "#000000",
              "label": "B",
              "prices": Array [
                400.00000000000006,
                200,
                1000,
              ],
              "r": 7.5,
              "x": 267.5240473580835,
              "y": 238.75,
            },
            Object {
              "color": "#000000",
              "label": "C",
              "prices": Array [
                200.00000000000003,
                400,
                1000,
              ],
              "r": 7.5,
              "x": 332.47595264191636,
              "y": 238.75,
            },
            Object {
              "color": "#000000",
              "label": "A",
              "prices": Array [
                400,
                400,
                800,
              ],
              "r": 7.5,
              "x": 299.99999999999994,
              "y": 295,
            },
          ]
        }
        stroke="#000000"
        strokeWidth={3}
      />
      <Polygon
        fill="#EEEEEE"
        key="332.47595264191636|238.75|299.99999999999994|295|364.95190528383284|295.00000000000006"
        points={
          Array [
            Object {
              "color": "#000000",
              "label": "C",
              "prices": Array [
                200.00000000000003,
                400,
                1000,
              ],
              "r": 7.5,
              "x": 332.47595264191636,
              "y": 238.75,
            },
            Object {
              "color": "#000000",
              "label": "A",
              "prices": Array [
                400,
                400,
                800,
              ],
              "r": 7.5,
              "x": 299.99999999999994,
              "y": 295,
            },
            Object {
              "color": "#000000",
              "label": "B",
              "prices": Array [
                200,
                600,
                800,
              ],
              "r": 7.5,
              "x": 364.95190528383284,
              "y": 295.00000000000006,
            },
          ]
        }
        stroke="#000000"
        strokeWidth={3}
      />
      <Polygon
        fill="#EEEEEE"
        key="332.47595264191636|238.75|397.4278579257493|238.75000000000006|364.95190528383284|295.00000000000006"
        points={
          Array [
            Object {
              "color": "#000000",
              "label": "C",
              "prices": Array [
                200.00000000000003,
                400,
                1000,
              ],
              "r": 7.5,
              "x": 332.47595264191636,
              "y": 238.75,
            },
            Object {
              "color": "#000000",
              "label": "A",
              "prices": Array [
                0,
                600,
                1000,
              ],
              "r": 7.5,
              "x": 397.4278579257493,
              "y": 238.75000000000006,
            },
            Object {
              "color": "#000000",
              "label": "B",
              "prices": Array [
                200,
                600,
                800,
              ],
              "r": 7.5,
              "x": 364.95190528383284,
              "y": 295.00000000000006,
            },
          ]
        }
        stroke="#000000"
        strokeWidth={3}
      />
      <Polygon
        fill="#EEEEEE"
        key="397.4278579257493|238.75000000000006|364.95190528383284|295.00000000000006|429.90381056766574|295.00000000000006"
        points={
          Array [
            Object {
              "color": "#000000",
              "label": "A",
              "prices": Array [
                0,
                600,
                1000,
              ],
              "r": 7.5,
              "x": 397.4278579257493,
              "y": 238.75000000000006,
            },
            Object {
              "color": "#000000",
              "label": "B",
              "prices": Array [
                200,
                600,
                800,
              ],
              "r": 7.5,
              "x": 364.95190528383284,
              "y": 295.00000000000006,
            },
            Object {
              "color": "#000000",
              "label": "C",
              "prices": Array [
                0,
                800,
                800,
              ],
              "r": 7.5,
              "x": 429.90381056766574,
              "y": 295.00000000000006,
            },
          ]
        }
        stroke="#000000"
        strokeWidth={3}
      />
      <Polygon
        fill="#EEEEEE"
        key="170.09618943233417|294.99999999999994|137.62023679041772|351.24999999999994|202.57214207425062|351.24999999999994"
        points={
          Array [
            Object {
              "color": "#000000",
              "label": "B",
              "prices": Array [
                800,
                0,
                800,
              ],
              "r": 7.5,
              "x": 170.09618943233417,
              "y": 294.99999999999994,
            },
            Object {
              "color": "#000000",
              "label": "C",
              "prices": Array [
                1000,
                0,
                600,
              ],
              "r": 7.5,
              "x": 137.62023679041772,
              "y": 351.24999999999994,
            },
            Object {
              "color": "#000000",
              "label": "A",
              "prices": Array [
                800,
                200,
                600,
              ],
              "r": 7.5,
              "x": 202.57214207425062,
              "y": 351.24999999999994,
            },
          ]
        }
        stroke="#000000"
        strokeWidth={3}
      />
      <Polygon
        fill="#EEEEEE"
        key="170.09618943233417|294.99999999999994|235.04809471616704|294.99999999999994|202.57214207425062|351.24999999999994"
        points={
          Array [
            Object {
              "color": "#000000",
              "label": "B",
              "prices": Array [
                800,
                0,
                800,
              ],
              "r": 7.5,
              "x": 170.09618943233417,
              "y": 294.99999999999994,
            },
            Object {
              "color": "#000000",
              "label": "C",
              "prices": Array [
                600,
                200,
                800,
              ],
              "r": 7.5,
              "x": 235.04809471616704,
              "y": 294.99999999999994,
            },
            Object {
              "color": "#000000",
              "label": "A",
              "prices": Array [
                800,
                200,
                600,
              ],
              "r": 7.5,
              "x": 202.57214207425062,
              "y": 351.24999999999994,
            },
          ]
        }
        stroke="#000000"
        strokeWidth={3}
      />
      <Polygon
        fill="#EEEEEE"
        key="235.04809471616704|294.99999999999994|202.57214207425062|351.24999999999994|267.5240473580835|351.25"
        points={
          Array [
            Object {
              "color": "#000000",
              "label": "C",
              "prices": Array [
                600,
                200,
                800,
              ],
              "r": 7.5,
              "x": 235.04809471616704,
              "y": 294.99999999999994,
            },
            Object {
              "color": "#000000",
              "label": "A",
              "prices": Array [
                800,
                200,
                600,
              ],
              "r": 7.5,
              "x": 202.57214207425062,
              "y": 351.24999999999994,
            },
            Object {
              "color": "#000000",
              "label": "B",
              "prices": Array [
                600,
                400,
                600,
              ],
              "r": 7.5,
              "x": 267.5240473580835,
              "y": 351.25,
            },
          ]
        }
        stroke="#000000"
        strokeWidth={3}
      />
      <Polygon
        fill="#EEEEEE"
        key="235.04809471616704|294.99999999999994|299.99999999999994|295|267.5240473580835|351.25"
        points={
          Array [
            Object {
              "color": "#000000",
              "label": "C",
              "prices": Array [
                600,
                200,
                800,
              ],
              "r": 7.5,
              "x": 235.04809471616704,
              "y": 294.99999999999994,
            },
            Object {
              "color": "#000000",
              "label": "A",
              "prices": Array [
                400,
                400,
                800,
              ],
              "r": 7.5,
              "x": 299.99999999999994,
              "y": 295,
            },
            Object {
              "color": "#000000",
              "label": "B",
              "prices": Array [
                600,
                400,
                600,
              ],
              "r": 7.5,
              "x": 267.5240473580835,
              "y": 351.25,
            },
          ]
        }
        stroke="#000000"
        strokeWidth={3}
      />
      <Polygon
        fill="#EEEEEE"
        key="299.99999999999994|295|267.5240473580835|351.25|332.47595264191636|351.25"
        points={
          Array [
            Object {
              "color": "#000000",
              "label": "A",
              "prices": Array [
                400,
                400,
                800,
              ],
              "r": 7.5,
              "x": 299.99999999999994,
              "y": 295,
            },
            Object {
              "color": "#000000",
              "label": "B",
              "prices": Array [
                600,
                400,
                600,
              ],
              "r": 7.5,
              "x": 267.5240473580835,
              "y": 351.25,
            },
            Object {
              "color": "#000000",
              "label": "C",
              "prices": Array [
                400,
                600,
                600,
              ],
              "r": 7.5,
              "x": 332.47595264191636,
              "y": 351.25,
            },
          ]
        }
        stroke="#000000"
        strokeWidth={3}
      />
      <Polygon
        fill="#EEEEEE"
        key="299.99999999999994|295|364.95190528383284|295.00000000000006|332.47595264191636|351.25"
        points={
          Array [
            Object {
              "color": "#000000",
              "label": "A",
              "prices": Array [
                400,
                400,
                800,
              ],
              "r": 7.5,
              "x": 299.99999999999994,
              "y": 295,
            },
            Object {
              "color": "#000000",
              "label": "B",
              "prices": Array [
                200,
                600,
                800,
              ],
              "r": 7.5,
              "x": 364.95190528383284,
              "y": 295.00000000000006,
            },
            Object {
              "color": "#000000",
              "label": "C",
              "prices": Array [
                400,
                600,
                600,
              ],
              "r": 7.5,
              "x": 332.47595264191636,
              "y": 351.25,
            },
          ]
        }
        stroke="#000000"
        strokeWidth={3}
      />
      <Polygon
        fill="#EEEEEE"
        key="364.95190528383284|295.00000000000006|332.47595264191636|351.25|397.42785792574927|351.25"
        points={
          Array [
            Object {
              "color": "#000000",
              "label": "B",
              "prices": Array [
                200,
                600,
                800,
              ],
              "r": 7.5,
              "x": 364.95190528383284,
              "y": 295.00000000000006,
            },
            Object {
              "color": "#000000",
              "label": "C",
              "prices": Array [
                400,
                600,
                600,
              ],
              "r": 7.5,
              "x": 332.47595264191636,
              "y": 351.25,
            },
            Object {
              "color": "#000000",
              "label": "A",
              "prices": Array [
                199.99999999999994,
                800,
                600,
              ],
              "r": 7.5,
              "x": 397.42785792574927,
              "y": 351.25,
            },
          ]
        }
        stroke="#000000"
        strokeWidth={3}
      />
      <Polygon
        fill="#EEEEEE"
        key="364.95190528383284|295.00000000000006|429.90381056766574|295.00000000000006|397.42785792574927|351.25"
        points={
          Array [
            Object {
              "color": "#000000",
              "label": "B",
              "prices": Array [
                200,
                600,
                800,
              ],
              "r": 7.5,
              "x": 364.95190528383284,
              "y": 295.00000000000006,
            },
            Object {
              "color": "#000000",
              "label": "C",
              "prices": Array [
                0,
                800,
                800,
              ],
              "r": 7.5,
              "x": 429.90381056766574,
              "y": 295.00000000000006,
            },
            Object {
              "color": "#000000",
              "label": "A",
              "prices": Array [
                199.99999999999994,
                800,
                600,
              ],
              "r": 7.5,
              "x": 397.42785792574927,
              "y": 351.25,
            },
          ]
        }
        stroke="#000000"
        strokeWidth={3}
      />
      <Polygon
        fill="#EEEEEE"
        key="429.90381056766574|295.00000000000006|397.42785792574927|351.25|462.37976320958217|351.25000000000006"
        points={
          Array [
            Object {
              "color": "#000000",
              "label": "C",
              "prices": Array [
                0,
                800,
                800,
              ],
              "r": 7.5,
              "x": 429.90381056766574,
              "y": 295.00000000000006,
            },
            Object {
              "color": "#000000",
              "label": "A",
              "prices": Array [
                199.99999999999994,
                800,
                600,
              ],
              "r": 7.5,
              "x": 397.42785792574927,
              "y": 351.25,
            },
            Object {
              "color": "#000000",
              "label": "B",
              "prices": Array [
                0,
                1000,
                600,
              ],
              "r": 7.5,
              "x": 462.37976320958217,
              "y": 351.25000000000006,
            },
          ]
        }
        stroke="#000000"
        strokeWidth={3}
      />
      <Polygon
        fill="#EEEEEE"
        key="137.62023679041772|351.24999999999994|105.14428414850126|407.4999999999999|170.09618943233414|407.49999999999994"
        points={
          Array [
            Object {
              "color": "#000000",
              "label": "C",
              "prices": Array [
                1000,
                0,
                600,
              ],
              "r": 7.5,
              "x": 137.62023679041772,
              "y": 351.24999999999994,
            },
            Object {
              "color": "#000000",
              "label": "A",
              "prices": Array [
                1200,
                0,
                400,
              ],
              "r": 7.5,
              "x": 105.14428414850126,
              "y": 407.4999999999999,
            },
            Object {
              "color": "#000000",
              "label": "B",
              "prices": Array [
                1000,
                200,
                400,
              ],
              "r": 7.5,
              "x": 170.09618943233414,
              "y": 407.49999999999994,
            },
          ]
        }
        stroke="#000000"
        strokeWidth={3}
      />
      <Polygon
        fill="#EEEEEE"
        key="137.62023679041772|351.24999999999994|202.57214207425062|351.24999999999994|170.09618943233414|407.49999999999994"
        points={
          Array [
            Object {
              "color": "#000000",
              "label": "C",
              "prices": Array [
                1000,
                0,
                600,
              ],
              "r": 7.5,
              "x": 137.62023679041772,
              "y": 351.24999999999994,
            },
            Object {
              "color": "#000000",
              "label": "A",
              "prices": Array [
                800,
                200,
                600,
              ],
              "r": 7.5,
              "x": 202.57214207425062,
              "y": 351.24999999999994,
            },
            Object {
              "color": "#000000",
              "label": "B",
              "prices": Array [
                1000,
                200,
                400,
              ],
              "r": 7.5,
              "x": 170.09618943233414,
              "y": 407.49999999999994,
            },
          ]
        }
        stroke="#000000"
        strokeWidth={3}
      />
      <Polygon
        fill="#EEEEEE"
        key="202.57214207425062|351.24999999999994|170.09618943233414|407.49999999999994|235.04809471616704|407.5"
        points={
          Array [
            Object {
              "color": "#000000",
              "label": "A",
              "prices": Array [
                800,
                200,
                600,
              ],
              "r": 7.5,
              "x": 202.57214207425062,
              "y": 351.24999999999994,
            },
            Object {
              "color": "#000000",
              "label": "B",
              "prices": Array [
                1000,
                200,
                400,
              ],
              "r": 7.5,
              "x": 170.09618943233414,
              "y": 407.49999999999994,
            },
            Object {
              "color": "#000000",
              "label": "C",
              "prices": Array [
                800.0000000000001,
                400,
                400,
              ],
              "r": 7.5,
              "x": 235.04809471616704,
              "y": 407.5,
            },
          ]
        }
        stroke="#000000"
        strokeWidth={3}
      />
      <Polygon
        fill="#EEEEEE"
        key="202.57214207425062|351.24999999999994|267.5240473580835|351.25|235.04809471616704|407.5"
        points={
          Array [
            Object {
              "color": "#000000",
              "label": "A",
              "prices": Array [
                800,
                200,
                600,
              ],
              "r": 7.5,
              "x": 202.57214207425062,
              "y": 351.24999999999994,
            },
            Object {
              "color": "#000000",
              "label": "B",
              "prices": Array [
                600,
                400,
                600,
              ],
              "r": 7.5,
              "x": 267.5240473580835,
              "y": 351.25,
            },
            Object {
              "color": "#000000",
              "label": "C",
              "prices": Array [
                800.0000000000001,
                400,
                400,
              ],
              "r": 7.5,
              "x": 235.04809471616704,
              "y": 407.5,
            },
          ]
        }
        stroke="#000000"
        strokeWidth={3}
      />
      <Polygon
        fill="#EEEEEE"
        key="267.5240473580835|351.25|235.04809471616704|407.5|299.99999999999994|407.5"
        points={
          Array [
            Object {
              "color": "#000000",
              "label": "B",
              "prices": Array [
                600,
                400,
                600,
              ],
              "r": 7.5,
              "x": 267.5240473580835,
              "y": 351.25,
            },
            Object {
              "color": "#000000",
              "label": "C",
              "prices": Array [
                800.0000000000001,
                400,
                400,
              ],
              "r": 7.5,
              "x": 235.04809471616704,
              "y": 407.5,
            },
            Object {
              "color": "#000000",
              "label": "A",
              "prices": Array [
                600,
                600,
                400,
              ],
              "r": 7.5,
              "x": 299.99999999999994,
              "y": 407.5,
            },
          ]
        }
        stroke="#000000"
        strokeWidth={3}
      />
      <Polygon
        fill="#EEEEEE"
        key="267.5240473580835|351.25|332.47595264191636|351.25|299.99999999999994|407.5"
        points={
          Array [
            Object {
              "color": "#000000",
              "label": "B",
              "prices": Array [
                600,
                400,
                600,
              ],
              "r": 7.5,
              "x": 267.5240473580835,
              "y": 351.25,
            },
            Object {
              "color": "#000000",
              "label": "C",
              "prices": Array [
                400,
                600,
                600,
              ],
              "r": 7.5,
              "x": 332.47595264191636,
              "y": 351.25,
            },
            Object {
              "color": "#000000",
              "label": "A",
              "prices": Array [
                600,
                600,
                400,
              ],
              "r": 7.5,
              "x": 299.99999999999994,
              "y": 407.5,
            },
          ]
        }
        stroke="#000000"
        strokeWidth={3}
      />
      <Polygon
        fill="#EEEEEE"
        key="332.47595264191636|351.25|299.99999999999994|407.5|364.95190528383284|407.50000000000006"
        points={
          Array [
            Object {
              "color": "#000000",
              "label": "C",
              "prices": Array [
                400,
                600,
                600,
              ],
              "r": 7.5,
              "x": 332.47595264191636,
              "y": 351.25,
            },
            Object {
              "color": "#000000",
              "label": "A",
              "prices": Array [
                600,
                600,
                400,
              ],
              "r": 7.5,
              "x": 299.99999999999994,
              "y": 407.5,
            },
            Object {
              "color": "#000000",
              "label": "B",
              "prices": Array [
                400.00000000000006,
                800,
                400,
              ],
              "r": 7.5,
              "x": 364.95190528383284,
              "y": 407.50000000000006,
            },
          ]
        }
        stroke="#000000"
        strokeWidth={3}
      />
      <Polygon
        fill="#EEEEEE"
        key="332.47595264191636|351.25|397.42785792574927|351.25|364.95190528383284|407.50000000000006"
        points={
          Array [
            Object {
              "color": "#000000",
              "label": "C",
              "prices": Array [
                400,
                600,
                600,
              ],
              "r": 7.5,
              "x": 332.47595264191636,
              "y": 351.25,
            },
            Object {
              "color": "#000000",
              "label": "A",
              "prices": Array [
                199.99999999999994,
                800,
                600,
              ],
              "r": 7.5,
              "x": 397.42785792574927,
              "y": 351.25,
            },
            Object {
              "color": "#000000",
              "label": "B",
              "prices": Array [
                400.00000000000006,
                800,
                400,
              ],
              "r": 7.5,
              "x": 364.95190528383284,
              "y": 407.50000000000006,
            },
          ]
        }
        stroke="#000000"
        strokeWidth={3}
      />
      <Polygon
        fill="#EEEEEE"
        key="397.42785792574927|351.25|364.95190528383284|407.50000000000006|429.90381056766574|407.50000000000006"
        points={
          Array [
            Object {
              "color": "#000000",
              "label": "A",
              "prices": Array [
                199.99999999999994,
                800,
                600,
              ],
              "r": 7.5,
              "x": 397.42785792574927,
              "y": 351.25,
            },
            Object {
              "color": "#000000",
              "label": "B",
              "prices": Array [
                400.00000000000006,
                800,
                400,
              ],
              "r": 7.5,
              "x": 364.95190528383284,
              "y": 407.50000000000006,
            },
            Object {
              "color": "#000000",
              "label": "C",
              "prices": Array [
                199.99999999999994,
                1000,
                400,
              ],
              "r": 7.5,
              "x": 429.90381056766574,
              "y": 407.50000000000006,
            },
          ]
        }
        stroke="#000000"
        strokeWidth={3}
      />
      <Polygon
        fill="#EEEEEE"
        key="397.42785792574927|351.25|462.37976320958217|351.25000000000006|429.90381056766574|407.50000000000006"
        points={
          Array [
            Object {
              "color": "#000000",
              "label": "A",
              "prices": Array [
                199.99999999999994,
                800,
                600,
              ],
              "r": 7.5,
              "x": 397.42785792574927,
              "y": 351.25,
            },
            Object {
              "color": "#000000",
              "label": "B",
              "prices": Array [
                0,
                1000,
                600,
              ],
              "r": 7.5,
              "x": 462.37976320958217,
              "y": 351.25000000000006,
            },
            Object {
              "color": "#000000",
              "label": "C",
              "prices": Array [
                199.99999999999994,
                1000,
                400,
              ],
              "r": 7.5,
              "x": 429.90381056766574,
              "y": 407.50000000000006,
            },
          ]
        }
        stroke="#000000"
        strokeWidth={3}
      />
      <Polygon
        fill="#EEEEEE"
        key="462.37976320958217|351.25000000000006|429.90381056766574|407.50000000000006|494.85571585149864|407.5000000000001"
        points={
          Array [
            Object {
              "color": "#000000",
              "label": "B",
              "prices": Array [
                0,
                1000,
                600,
              ],
              "r": 7.5,
              "x": 462.37976320958217,
              "y": 351.25000000000006,
            },
            Object {
              "color": "#000000",
              "label": "C",
              "prices": Array [
                199.99999999999994,
                1000,
                400,
              ],
              "r": 7.5,
              "x": 429.90381056766574,
              "y": 407.50000000000006,
            },
            Object {
              "color": "#000000",
              "label": "A",
              "prices": Array [
                0,
                1200,
                400,
              ],
              "r": 7.5,
              "x": 494.85571585149864,
              "y": 407.5000000000001,
            },
          ]
        }
        stroke="#000000"
        strokeWidth={3}
      />
      <Polygon
        fill="#EEEEEE"
        key="105.14428414850126|407.4999999999999|72.66833150658479|463.7499999999999|137.62023679041766|463.74999999999994"
        points={
          Array [
            Object {
              "color": "#000000",
              "label": "A",
              "prices": Array [
                1200,
                0,
                400,
              ],
              "r": 7.5,
              "x": 105.14428414850126,
              "y": 407.4999999999999,
            },
            Object {
              "color": "#000000",
              "label": "B",
              "prices": Array [
                1400,
                0,
                200,
              ],
              "r": 7.5,
              "x": 72.66833150658479,
              "y": 463.7499999999999,
            },
            Object {
              "color": "#000000",
              "label": "C",
              "prices": Array [
                1200,
                200,
                200,
              ],
              "r": 7.5,
              "x": 137.62023679041766,
              "y": 463.74999999999994,
            },
          ]
        }
        stroke="#000000"
        strokeWidth={3}
      />
      <Polygon
        fill="#EEEEEE"
        key="105.14428414850126|407.4999999999999|170.09618943233414|407.49999999999994|137.62023679041766|463.74999999999994"
        points={
          Array [
            Object {
              "color": "#000000",
              "label": "A",
              "prices": Array [
                1200,
                0,
                400,
              ],
              "r": 7.5,
              "x": 105.14428414850126,
              "y": 407.4999999999999,
            },
            Object {
              "color": "#000000",
              "label": "B",
              "prices": Array [
                1000,
                200,
                400,
              ],
              "r": 7.5,
              "x": 170.09618943233414,
              "y": 407.49999999999994,
            },
            Object {
              "color": "#000000",
              "label": "C",
              "prices": Array [
                1200,
                200,
                200,
              ],
              "r": 7.5,
              "x": 137.62023679041766,
              "y": 463.74999999999994,
            },
          ]
        }
        stroke="#000000"
        strokeWidth={3}
      />
      <Polygon
        fill="#EEEEEE"
        key="170.09618943233414|407.49999999999994|137.62023679041766|463.74999999999994|202.57214207425056|463.75"
        points={
          Array [
            Object {
              "color": "#000000",
              "label": "B",
              "prices": Array [
                1000,
                200,
                400,
              ],
              "r": 7.5,
              "x": 170.09618943233414,
              "y": 407.49999999999994,
            },
            Object {
              "color": "#000000",
              "label": "C",
              "prices": Array [
                1200,
                200,
                200,
              ],
              "r": 7.5,
              "x": 137.62023679041766,
              "y": 463.74999999999994,
            },
            Object {
              "color": "#000000",
              "label": "A",
              "prices": Array [
                1000,
                400,
                200,
              ],
              "r": 7.5,
              "x": 202.57214207425056,
              "y": 463.75,
            },
          ]
        }
        stroke="#000000"
        strokeWidth={3}
      />
      <Polygon
        fill="#EEEEEE"
        key="170.09618943233414|407.49999999999994|235.04809471616704|407.5|202.57214207425056|463.75"
        points={
          Array [
            Object {
              "color": "#000000",
              "label": "B",
              "prices": Array [
                1000,
                200,
                400,
              ],
              "r": 7.5,
              "x": 170.09618943233414,
              "y": 407.49999999999994,
            },
            Object {
              "color": "#000000",
              "label": "C",
              "prices": Array [
                800.0000000000001,
                400,
                400,
              ],
              "r": 7.5,
              "x": 235.04809471616704,
              "y": 407.5,
            },
            Object {
              "color": "#000000",
              "label": "A",
              "prices": Array [
                1000,
                400,
                200,
              ],
              "r": 7.5,
              "x": 202.57214207425056,
              "y": 463.75,
            },
          ]
        }
        stroke="#000000"
        strokeWidth={3}
      />
      <Polygon
        fill="#EEEEEE"
        key="235.04809471616704|407.5|202.57214207425056|463.75|267.52404735808346|463.75"
        points={
          Array [
            Object {
              "color": "#000000",
              "label": "C",
              "prices": Array [
                800.0000000000001,
                400,
                400,
              ],
              "r": 7.5,
              "x": 235.04809471616704,
              "y": 407.5,
            },
            Object {
              "color": "#000000",
              "label": "A",
              "prices": Array [
                1000,
                400,
                200,
              ],
              "r": 7.5,
              "x": 202.57214207425056,
              "y": 463.75,
            },
            Object {
              "color": "#000000",
              "label": "B",
              "prices": Array [
                800,
                600,
                200,
              ],
              "r": 7.5,
              "x": 267.52404735808346,
              "y": 463.75,
            },
          ]
        }
        stroke="#000000"
        strokeWidth={3}
      />
      <Polygon
        fill="#EEEEEE"
        key="235.04809471616704|407.5|299.99999999999994|407.5|267.52404735808346|463.75"
        points={
          Array [
            Object {
              "color": "#000000",
              "label": "C",
              "prices": Array [
                800.0000000000001,
                400,
                400,
              ],
              "r": 7.5,
              "x": 235.04809471616704,
              "y": 407.5,
            },
            Object {
              "color": "#000000",
              "label": "A",
              "prices": Array [
                600,
                600,
                400,
              ],
              "r": 7.5,
              "x": 299.99999999999994,
              "y": 407.5,
            },
            Object {
              "color": "#000000",
              "label": "B",
              "prices": Array [
                800,
                600,
                200,
              ],
              "r": 7.5,
              "x": 267.52404735808346,
              "y": 463.75,
            },
          ]
        }
        stroke="#000000"
        strokeWidth={3}
      />
      <Polygon
        fill="#EEEEEE"
        key="299.99999999999994|407.5|267.52404735808346|463.75|332.4759526419163|463.75"
        points={
          Array [
            Object {
              "color": "#000000",
              "label": "A",
              "prices": Array [
                600,
                600,
                400,
              ],
              "r": 7.5,
              "x": 299.99999999999994,
              "y": 407.5,
            },
            Object {
              "color": "#000000",
              "label": "B",
              "prices": Array [
                800,
                600,
                200,
              ],
              "r": 7.5,
              "x": 267.52404735808346,
              "y": 463.75,
            },
            Object {
              "color": "#000000",
              "label": "C",
              "prices": Array [
                600,
                800,
                200,
              ],
              "r": 7.5,
              "x": 332.4759526419163,
              "y": 463.75,
            },
          ]
        }
        stroke="#000000"
        strokeWidth={3}
      />
      <Polygon
        fill="#EEEEEE"
        key="299.99999999999994|407.5|364.95190528383284|407.50000000000006|332.4759526419163|463.75"
        points={
          Array [
            Object {
              "color": "#000000",
              "label": "A",
              "prices": Array [
                600,
                600,
                400,
              ],
              "r": 7.5,
              "x": 299.99999999999994,
              "y": 407.5,
            },
            Object {
              "color": "#000000",
              "label": "B",
              "prices": Array [
                400.00000000000006,
                800,
                400,
              ],
              "r": 7.5,
              "x": 364.95190528383284,
              "y": 407.50000000000006,
            },
            Object {
              "color": "#000000",
              "label": "C",
              "prices": Array [
                600,
                800,
                200,
              ],
              "r": 7.5,
              "x": 332.4759526419163,
              "y": 463.75,
            },
          ]
        }
        stroke="#000000"
        strokeWidth={3}
      />
      <Polygon
        fill="#EEEEEE"
        key="364.95190528383284|407.50000000000006|332.4759526419163|463.75|397.42785792574927|463.7500000000001"
        points={
          Array [
            Object {
              "color": "#000000",
              "label": "B",
              "prices": Array [
                400.00000000000006,
                800,
                400,
              ],
              "r": 7.5,
              "x": 364.95190528383284,
              "y": 407.50000000000006,
            },
            Object {
              "color": "#000000",
              "label": "C",
              "prices": Array [
                600,
                800,
                200,
              ],
              "r": 7.5,
              "x": 332.4759526419163,
              "y": 463.75,
            },
            Object {
              "color": "#000000",
              "label": "A",
              "prices": Array [
                400,
                1000,
                200,
              ],
              "r": 7.5,
              "x": 397.42785792574927,
              "y": 463.7500000000001,
            },
          ]
        }
        stroke="#000000"
        strokeWidth={3}
      />
      <Polygon
        fill="#EEEEEE"
        key="364.95190528383284|407.50000000000006|429.90381056766574|407.50000000000006|397.42785792574927|463.7500000000001"
        points={
          Array [
            Object {
              "color": "#000000",
              "label": "B",
              "prices": Array [
                400.00000000000006,
                800,
                400,
              ],
              "r": 7.5,
              "x": 364.95190528383284,
              "y": 407.50000000000006,
            },
            Object {
              "color": "#000000",
              "label": "C",
              "prices": Array [
                199.99999999999994,
                1000,
                400,
              ],
              "r": 7.5,
              "x": 429.90381056766574,
              "y": 407.50000000000006,
            },
            Object {
              "color": "#000000",
              "label": "A",
              "prices": Array [
                400,
                1000,
                200,
              ],
              "r": 7.5,
              "x": 397.42785792574927,
              "y": 463.7500000000001,
            },
          ]
        }
        stroke="#000000"
        strokeWidth={3}
      />
      <Polygon
        fill="#EEEEEE"
        key="429.90381056766574|407.50000000000006|397.42785792574927|463.7500000000001|462.3797632095821|463.75000000000006"
        points={
          Array [
            Object {
              "color": "#000000",
              "label": "C",
              "prices": Array [
                199.99999999999994,
                1000,
                400,
              ],
              "r": 7.5,
              "x": 429.90381056766574,
              "y": 407.50000000000006,
            },
            Object {
              "color": "#000000",
              "label": "A",
              "prices": Array [
                400,
                1000,
                200,
              ],
              "r": 7.5,
              "x": 397.42785792574927,
              "y": 463.7500000000001,
            },
            Object {
              "color": "#000000",
              "label": "B",
              "prices": Array [
                200.00000000000006,
                1200,
                200,
              ],
              "r": 7.5,
              "x": 462.3797632095821,
              "y": 463.75000000000006,
            },
          ]
        }
        stroke="#000000"
        strokeWidth={3}
      />
      <Polygon
        fill="#EEEEEE"
        key="429.90381056766574|407.50000000000006|494.85571585149864|407.5000000000001|462.3797632095821|463.75000000000006"
        points={
          Array [
            Object {
              "color": "#000000",
              "label": "C",
              "prices": Array [
                199.99999999999994,
                1000,
                400,
              ],
              "r": 7.5,
              "x": 429.90381056766574,
              "y": 407.50000000000006,
            },
            Object {
              "color": "#000000",
              "label": "A",
              "prices": Array [
                0,
                1200,
                400,
              ],
              "r": 7.5,
              "x": 494.85571585149864,
              "y": 407.5000000000001,
            },
            Object {
              "color": "#000000",
              "label": "B",
              "prices": Array [
                200.00000000000006,
                1200,
                200,
              ],
              "r": 7.5,
              "x": 462.3797632095821,
              "y": 463.75000000000006,
            },
          ]
        }
        stroke="#000000"
        strokeWidth={3}
      />
      <Polygon
        fill="#EEEEEE"
        key="494.85571585149864|407.5000000000001|462.3797632095821|463.75000000000006|527.331668493415|463.7500000000001"
        points={
          Array [
            Object {
              "color": "#000000",
              "label": "A",
              "prices": Array [
                0,
                1200,
                400,
              ],
              "r": 7.5,
              "x": 494.85571585149864,
              "y": 407.5000000000001,
            },
            Object {
              "color": "#000000",
              "label": "B",
              "prices": Array [
                200.00000000000006,
                1200,
                200,
              ],
              "r": 7.5,
              "x": 462.3797632095821,
              "y": 463.75000000000006,
            },
            Object {
              "color": "#000000",
              "label": "C",
              "prices": Array [
                0,
                1400,
                200,
              ],
              "r": 7.5,
              "x": 527.331668493415,
              "y": 463.7500000000001,
            },
          ]
        }
        stroke="#000000"
        strokeWidth={3}
      />
      <Polygon
        fill="#EEEEEE"
        key="72.66833150658479|463.7499999999999|40.19237886466834|519.9999999999999|105.14428414850124|519.9999999999999"
        points={
          Array [
            Object {
              "color": "#000000",
              "label": "B",
              "prices": Array [
                1400,
                0,
                200,
              ],
              "r": 7.5,
              "x": 72.66833150658479,
              "y": 463.7499999999999,
            },
            Object {
              "color": "#000000",
              "label": "C",
              "prices": Array [
                1600,
                0,
                0,
              ],
              "r": 7.5,
              "x": 40.19237886466834,
              "y": 519.9999999999999,
            },
            Object {
              "color": "#000000",
              "label": "A",
              "prices": Array [
                1400,
                200,
                0,
              ],
              "r": 7.5,
              "x": 105.14428414850124,
              "y": 519.9999999999999,
            },
          ]
        }
        stroke="#000000"
        strokeWidth={3}
      />
      <Polygon
        fill="#EEEEEE"
        key="72.66833150658479|463.7499999999999|137.62023679041766|463.74999999999994|105.14428414850124|519.9999999999999"
        points={
          Array [
            Object {
              "color": "#000000",
              "label": "B",
              "prices": Array [
                1400,
                0,
                200,
              ],
              "r": 7.5,
              "x": 72.66833150658479,
              "y": 463.7499999999999,
            },
            Object {
              "color": "#000000",
              "label": "C",
              "prices": Array [
                1200,
                200,
                200,
              ],
              "r": 7.5,
              "x": 137.62023679041766,
              "y": 463.74999999999994,
            },
            Object {
              "color": "#000000",
              "label": "A",
              "prices": Array [
                1400,
                200,
                0,
              ],
              "r": 7.5,
              "x": 105.14428414850124,
              "y": 519.9999999999999,
            },
          ]
        }
        stroke="#000000"
        strokeWidth={3}
      />
      <Polygon
        fill="#EEEEEE"
        key="137.62023679041766|463.74999999999994|105.14428414850124|519.9999999999999|170.09618943233414|519.9999999999999"
        points={
          Array [
            Object {
              "color": "#000000",
              "label": "C",
              "prices": Array [
                1200,
                200,
                200,
              ],
              "r": 7.5,
              "x": 137.62023679041766,
              "y": 463.74999999999994,
            },
            Object {
              "color": "#000000",
              "label": "A",
              "prices": Array [
                1400,
                200,
                0,
              ],
              "r": 7.5,
              "x": 105.14428414850124,
              "y": 519.9999999999999,
            },
            Object {
              "color": "#000000",
              "label": "B",
              "prices": Array [
                1200,
                400,
                0,
              ],
              "r": 7.5,
              "x": 170.09618943233414,
              "y": 519.9999999999999,
            },
          ]
        }
        stroke="#000000"
        strokeWidth={3}
      />
      <Polygon
        fill="#EEEEEE"
        key="137.62023679041766|463.74999999999994|202.57214207425056|463.75|170.09618943233414|519.9999999999999"
        points={
          Array [
            Object {
              "color": "#000000",
              "label": "C",
              "prices": Array [
                1200,
                200,
                200,
              ],
              "r": 7.5,
              "x": 137.62023679041766,
              "y": 463.74999999999994,
            },
            Object {
              "color": "#000000",
              "label": "A",
              "prices": Array [
                1000,
                400,
                200,
              ],
              "r": 7.5,
              "x": 202.57214207425056,
              "y": 463.75,
            },
            Object {
              "color": "#000000",
              "label": "B",
              "prices": Array [
                1200,
                400,
                0,
              ],
              "r": 7.5,
              "x": 170.09618943233414,
              "y": 519.9999999999999,
            },
          ]
        }
        stroke="#000000"
        strokeWidth={3}
      />
      <Polygon
        fill="#EEEEEE"
        key="202.57214207425056|463.75|170.09618943233414|519.9999999999999|235.04809471616704|520"
        points={
          Array [
            Object {
              "color": "#000000",
              "label": "A",
              "prices": Array [
                1000,
                400,
                200,
              ],
              "r": 7.5,
              "x": 202.57214207425056,
              "y": 463.75,
            },
            Object {
              "color": "#000000",
              "label": "B",
              "prices": Array [
                1200,
                400,
                0,
              ],
              "r": 7.5,
              "x": 170.09618943233414,
              "y": 519.9999999999999,
            },
            Object {
              "color": "#000000",
              "label": "C",
              "prices": Array [
                1000,
                600,
                0,
              ],
              "r": 7.5,
              "x": 235.04809471616704,
              "y": 520,
            },
          ]
        }
        stroke="#000000"
        strokeWidth={3}
      />
      <Polygon
        fill="#EEEEEE"
        key="202.57214207425056|463.75|267.52404735808346|463.75|235.04809471616704|520"
        points={
          Array [
            Object {
              "color": "#000000",
              "label": "A",
              "prices": Array [
                1000,
                400,
                200,
              ],
              "r": 7.5,
              "x": 202.57214207425056,
              "y": 463.75,
            },
            Object {
              "color": "#000000",
              "label": "B",
              "prices": Array [
                800,
                600,
                200,
              ],
              "r": 7.5,
              "x": 267.52404735808346,
              "y": 463.75,
            },
            Object {
              "color": "#000000",
              "label": "C",
              "prices": Array [
                1000,
                600,
                0,
              ],
              "r": 7.5,
              "x": 235.04809471616704,
              "y": 520,
            },
          ]
        }
        stroke="#000000"
        strokeWidth={3}
      />
      <Polygon
        fill="#EEEEEE"
        key="267.52404735808346|463.75|235.04809471616704|520|299.9999999999999|520"
        points={
          Array [
            Object {
              "color": "#000000",
              "label": "B",
              "prices": Array [
                800,
                600,
                200,
              ],
              "r": 7.5,
              "x": 267.52404735808346,
              "y": 463.75,
            },
            Object {
              "color": "#000000",
              "label": "C",
              "prices": Array [
                1000,
                600,
                0,
              ],
              "r": 7.5,
              "x": 235.04809471616704,
              "y": 520,
            },
            Object {
              "color": "#000000",
              "label": "A",
              "prices": Array [
                800,
                800,
                0,
              ],
              "r": 7.5,
              "x": 299.9999999999999,
              "y": 520,
            },
          ]
        }
        stroke="#000000"
        strokeWidth={3}
      />
      <Polygon
        fill="#EEEEEE"
        key="267.52404735808346|463.75|332.4759526419163|463.75|299.9999999999999|520"
        points={
          Array [
            Object {
              "color": "#000000",
              "label": "B",
              "prices": Array [
                800,
                600,
                200,
              ],
              "r": 7.5,
              "x": 267.52404735808346,
              "y": 463.75,
            },
            Object {
              "color": "#000000",
              "label": "C",
              "prices": Array [
                600,
                800,
                200,
              ],
              "r": 7.5,
              "x": 332.4759526419163,
              "y": 463.75,
            },
            Object {
              "color": "#000000",
              "label": "A",
              "prices": Array [
                800,
                800,
                0,
              ],
              "r": 7.5,
              "x": 299.9999999999999,
              "y": 520,
            },
          ]
        }
        stroke="#000000"
        strokeWidth={3}
      />
      <Polygon
        fill="#EEEEEE"
        key="332.4759526419163|463.75|299.9999999999999|520|364.9519052838328|520"
        points={
          Array [
            Object {
              "color": "#000000",
              "label": "C",
              "prices": Array [
                600,
                800,
                200,
              ],
              "r": 7.5,
              "x": 332.4759526419163,
              "y": 463.75,
            },
            Object {
              "color": "#000000",
              "label": "A",
              "prices": Array [
                800,
                800,
                0,
              ],
              "r": 7.5,
              "x": 299.9999999999999,
              "y": 520,
            },
            Object {
              "color": "#000000",
              "label": "B",
              "prices": Array [
                600,
                1000,
                0,
              ],
              "r": 7.5,
              "x": 364.9519052838328,
              "y": 520,
            },
          ]
        }
        stroke="#000000"
        strokeWidth={3}
      />
      <Polygon
        fill="#EEEEEE"
        key="332.4759526419163|463.75|397.42785792574927|463.7500000000001|364.9519052838328|520"
        points={
          Array [
            Object {
              "color": "#000000",
              "label": "C",
              "prices": Array [
                600,
                800,
                200,
              ],
              "r": 7.5,
              "x": 332.4759526419163,
              "y": 463.75,
            },
            Object {
              "color": "#000000",
              "label": "A",
              "prices": Array [
                400,
                1000,
                200,
              ],
              "r": 7.5,
              "x": 397.42785792574927,
              "y": 463.7500000000001,
            },
            Object {
              "color": "#000000",
              "label": "B",
              "prices": Array [
                600,
                1000,
                0,
              ],
              "r": 7.5,
              "x": 364.9519052838328,
              "y": 520,
            },
          ]
        }
        stroke="#000000"
        strokeWidth={3}
      />
      <Polygon
        fill="#EEEEEE"
        key="397.42785792574927|463.7500000000001|364.9519052838328|520|429.90381056766574|520.0000000000001"
        points={
          Array [
            Object {
              "color": "#000000",
              "label": "A",
              "prices": Array [
                400,
                1000,
                200,
              ],
              "r": 7.5,
              "x": 397.42785792574927,
              "y": 463.7500000000001,
            },
            Object {
              "color": "#000000",
              "label": "B",
              "prices": Array [
                600,
                1000,
                0,
              ],
              "r": 7.5,
              "x": 364.9519052838328,
              "y": 520,
            },
            Object {
              "color": "#000000",
              "label": "C",
              "prices": Array [
                400,
                1200,
                0,
              ],
              "r": 7.5,
              "x": 429.90381056766574,
              "y": 520.0000000000001,
            },
          ]
        }
        stroke="#000000"
        strokeWidth={3}
      />
      <Polygon
        fill="#EEEEEE"
        key="397.42785792574927|463.7500000000001|462.3797632095821|463.75000000000006|429.90381056766574|520.0000000000001"
        points={
          Array [
            Object {
              "color": "#000000",
              "label": "A",
              "prices": Array [
                400,
                1000,
                200,
              ],
              "r": 7.5,
              "x": 397.42785792574927,
              "y": 463.7500000000001,
            },
            Object {
              "color": "#000000",
              "label": "B",
              "prices": Array [
                200.00000000000006,
                1200,
                200,
              ],
              "r": 7.5,
              "x": 462.3797632095821,
              "y": 463.75000000000006,
            },
            Object {
              "color": "#000000",
              "label": "C",
              "prices": Array [
                400,
                1200,
                0,
              ],
              "r": 7.5,
              "x": 429.90381056766574,
              "y": 520.0000000000001,
            },
          ]
        }
        stroke="#000000"
        strokeWidth={3}
      />
      <Polygon
        fill="#EEEEEE"
        key="462.3797632095821|463.75000000000006|429.90381056766574|520.0000000000001|494.8557158514986|520.0000000000001"
        points={
          Array [
            Object {
              "color": "#000000",
              "label": "B",
              "prices": Array [
                200.00000000000006,
                1200,
                200,
              ],
              "r": 7.5,
              "x": 462.3797632095821,
              "y": 463.75000000000006,
            },
            Object {
              "color": "#000000",
              "label": "C",
              "prices": Array [
                400,
                1200,
                0,
              ],
              "r": 7.5,
              "x": 429.90381056766574,
              "y": 520.0000000000001,
            },
            Object {
              "color": "#000000",
              "label": "A",
              "prices": Array [
                200,
                1400,
                0,
              ],
              "r": 7.5,
              "x": 494.8557158514986,
              "y": 520.0000000000001,
            },
          ]
        }
        stroke="#000000"
        strokeWidth={3}
      />
      <Polygon
        fill="#EEEEEE"
        key="462.3797632095821|463.75000000000006|527.331668493415|463.7500000000001|494.8557158514986|520.0000000000001"
        points={
          Array [
            Object {
              "color": "#000000",
              "label": "B",
              "prices": Array [
                200.00000000000006,
                1200,
                200,
              ],
              "r": 7.5,
              "x": 462.3797632095821,
              "y": 463.75000000000006,
            },
            Object {
              "color": "#000000",
              "label": "C",
              "prices": Array [
                0,
                1400,
                200,
              ],
              "r": 7.5,
              "x": 527.331668493415,
              "y": 463.7500000000001,
            },
            Object {
              "color": "#000000",
              "label": "A",
              "prices": Array [
                200,
                1400,
                0,
              ],
              "r": 7.5,
              "x": 494.8557158514986,
              "y": 520.0000000000001,
            },
          ]
        }
        stroke="#000000"
        strokeWidth={3}
      />
      <Polygon
        fill="#EEEEEE"
        key="527.331668493415|463.7500000000001|494.8557158514986|520.0000000000001|559.8076211353315|520.0000000000001"
        points={
          Array [
            Object {
              "color": "#000000",
              "label": "C",
              "prices": Array [
                0,
                1400,
                200,
              ],
              "r": 7.5,
              "x": 527.331668493415,
              "y": 463.7500000000001,
            },
            Object {
              "color": "#000000",
              "label": "A",
              "prices": Array [
                200,
                1400,
                0,
              ],
              "r": 7.5,
              "x": 494.8557158514986,
              "y": 520.0000000000001,
            },
            Object {
              "color": "#000000",
              "label": "B",
              "prices": Array [
                0,
                1600,
                0,
              ],
              "r": 7.5,
              "x": 559.8076211353315,
              "y": 520.0000000000001,
            },
          ]
        }
        stroke="#000000"
        strokeWidth={3}
      />
      <LabeledCircle
        color="#000000"
        handleLeave={[Function]}
        handleUpdate={[Function]}
        isActive={false}
        key="300|70"
        label="A"
        prices={
          Array [
            0,
            0,
            1600,
          ]
        }
        r={7.5}
        x={300}
        y={70}
      />
      <LabeledCircle
        color="#000000"
        handleLeave={[Function]}
        handleUpdate={[Function]}
        isActive={false}
        key="267.5240473580835|126.24999999999999"
        label="B"
        prices={
          Array [
            200,
            0,
            1400,
          ]
        }
        r={7.5}
        x={267.5240473580835}
        y={126.24999999999999}
      />
      <LabeledCircle
        color="#000000"
        handleLeave={[Function]}
        handleUpdate={[Function]}
        isActive={false}
        key="332.4759526419164|126.25000000000001"
        label="C"
        prices={
          Array [
            0,
            200,
            1400,
          ]
        }
        r={7.5}
        x={332.4759526419164}
        y={126.25000000000001}
      />
      <LabeledCircle
        color="#000000"
        handleLeave={[Function]}
        handleUpdate={[Function]}
        isActive={false}
        key="235.0480947161671|182.49999999999997"
        label="C"
        prices={
          Array [
            400,
            0,
            1200,
          ]
        }
        r={7.5}
        x={235.0480947161671}
        y={182.49999999999997}
      />
      <LabeledCircle
        color="#000000"
        handleLeave={[Function]}
        handleUpdate={[Function]}
        isActive={false}
        key="300|182.5"
        label="A"
        prices={
          Array [
            200,
            200,
            1200,
          ]
        }
        r={7.5}
        x={300}
        y={182.5}
      />
      <LabeledCircle
        color="#000000"
        handleLeave={[Function]}
        handleUpdate={[Function]}
        isActive={false}
        key="364.95190528383284|182.50000000000003"
        label="B"
        prices={
          Array [
            0,
            400,
            1200,
          ]
        }
        r={7.5}
        x={364.95190528383284}
        y={182.50000000000003}
      />
      <LabeledCircle
        color="#000000"
        handleLeave={[Function]}
        handleUpdate={[Function]}
        isActive={false}
        key="202.57214207425062|238.74999999999994"
        label="A"
        prices={
          Array [
            600,
            0,
            1000,
          ]
        }
        r={7.5}
        x={202.57214207425062}
        y={238.74999999999994}
      />
      <LabeledCircle
        color="#000000"
        handleLeave={[Function]}
        handleUpdate={[Function]}
        isActive={false}
        key="267.5240473580835|238.75"
        label="B"
        prices={
          Array [
            400.00000000000006,
            200,
            1000,
          ]
        }
        r={7.5}
        x={267.5240473580835}
        y={238.75}
      />
      <LabeledCircle
        color="#000000"
        handleLeave={[Function]}
        handleUpdate={[Function]}
        isActive={false}
        key="332.47595264191636|238.75"
        label="C"
        prices={
          Array [
            200.00000000000003,
            400,
            1000,
          ]
        }
        r={7.5}
        x={332.47595264191636}
        y={238.75}
      />
      <LabeledCircle
        color="#000000"
        handleLeave={[Function]}
        handleUpdate={[Function]}
        isActive={false}
        key="397.4278579257493|238.75000000000006"
        label="A"
        prices={
          Array [
            0,
            600,
            1000,
          ]
        }
        r={7.5}
        x={397.4278579257493}
        y={238.75000000000006}
      />
      <LabeledCircle
        color="#000000"
        handleLeave={[Function]}
        handleUpdate={[Function]}
        isActive={false}
        key="170.09618943233417|294.99999999999994"
        label="B"
        prices={
          Array [
            800,
            0,
            800,
          ]
        }
        r={7.5}
        x={170.09618943233417}
        y={294.99999999999994}
      />
      <LabeledCircle
        color="#000000"
        handleLeave={[Function]}
        handleUpdate={[Function]}
        isActive={false}
        key="235.04809471616704|294.99999999999994"
        label="C"
        prices={
          Array [
            600,
            200,
            800,
          ]
        }
        r={7.5}
        x={235.04809471616704}
        y={294.99999999999994}
      />
      <LabeledCircle
        color="#000000"
        handleLeave={[Function]}
        handleUpdate={[Function]}
        isActive={false}
        key="299.99999999999994|295"
        label="A"
        prices={
          Array [
            400,
            400,
            800,
          ]
        }
        r={7.5}
        x={299.99999999999994}
        y={295}
      />
      <LabeledCircle
        color="#000000"
        handleLeave={[Function]}
        handleUpdate={[Function]}
        isActive={false}
        key="364.95190528383284|295.00000000000006"
        label="B"
        prices={
          Array [
            200,
            600,
            800,
          ]
        }
        r={7.5}
        x={364.95190528383284}
        y={295.00000000000006}
      />
      <LabeledCircle
        color="#000000"
        handleLeave={[Function]}
        handleUpdate={[Function]}
        isActive={false}
        key="429.90381056766574|295.00000000000006"
        label="C"
        prices={
          Array [
            0,
            800,
            800,
          ]
        }
        r={7.5}
        x={429.90381056766574}
        y={295.00000000000006}
      />
      <LabeledCircle
        color="#000000"
        handleLeave={[Function]}
        handleUpdate={[Function]}
        isActive={false}
        key="137.62023679041772|351.24999999999994"
        label="C"
        prices={
          Array [
            1000,
            0,
            600,
          ]
        }
        r={7.5}
        x={137.62023679041772}
        y={351.24999999999994}
      />
      <LabeledCircle
        color="#000000"
        handleLeave={[Function]}
        handleUpdate={[Function]}
        isActive={false}
        key="202.57214207425062|351.24999999999994"
        label="A"
        prices={
          Array [
            800,
            200,
            600,
          ]
        }
        r={7.5}
        x={202.57214207425062}
        y={351.24999999999994}
      />
      <LabeledCircle
        color="#000000"
        handleLeave={[Function]}
        handleUpdate={[Function]}
        isActive={false}
        key="267.5240473580835|351.25"
        label="B"
        prices={
          Array [
            600,
            400,
            600,
          ]
        }
        r={7.5}
        x={267.5240473580835}
        y={351.25}
      />
      <LabeledCircle
        color="#000000"
        handleLeave={[Function]}
        handleUpdate={[Function]}
        isActive={false}
        key="332.47595264191636|351.25"
        label="C"
        prices={
          Array [
            400,
            600,
            600,
          ]
        }
        r={7.5}
        x={332.47595264191636}
        y={351.25}
      />
      <LabeledCircle
        color="#000000"
        handleLeave={[Function]}
        handleUpdate={[Function]}
        isActive={false}
        key="397.42785792574927|351.25"
        label="A"
        prices={
          Array [
            199.99999999999994,
            800,
            600,
          ]
        }
        r={7.5}
        x={397.42785792574927}
        y={351.25}
      />
      <LabeledCircle
        color="#000000"
        handleLeave={[Function]}
        handleUpdate={[Function]}
        isActive={false}
        key="462.37976320958217|351.25000000000006"
        label="B"
        prices={
          Array [
            0,
            1000,
            600,
          ]
        }
        r={7.5}
        x={462.37976320958217}
        y={351.25000000000006}
      />
      <LabeledCircle
        color="#000000"
        handleLeave={[Function]}
        handleUpdate={[Function]}
        isActive={false}
        key="105.14428414850126|407.4999999999999"
        label="A"
        prices={
          Array [
            1200,
            0,
            400,
          ]
        }
        r={7.5}
        x={105.14428414850126}
        y={407.4999999999999}
      />
      <LabeledCircle
        color="#000000"
        handleLeave={[Function]}
        handleUpdate={[Function]}
        isActive={false}
        key="170.09618943233414|407.49999999999994"
        label="B"
        prices={
          Array [
            1000,
            200,
            400,
          ]
        }
        r={7.5}
        x={170.09618943233414}
        y={407.49999999999994}
      />
      <LabeledCircle
        color="#000000"
        handleLeave={[Function]}
        handleUpdate={[Function]}
        isActive={false}
        key="235.04809471616704|407.5"
        label="C"
        prices={
          Array [
            800.0000000000001,
            400,
            400,
          ]
        }
        r={7.5}
        x={235.04809471616704}
        y={407.5}
      />
      <LabeledCircle
        color="#000000"
        handleLeave={[Function]}
        handleUpdate={[Function]}
        isActive={false}
        key="299.99999999999994|407.5"
        label="A"
        prices={
          Array [
            600,
            600,
            400,
          ]
        }
        r={7.5}
        x={299.99999999999994}
        y={407.5}
      />
      <LabeledCircle
        color="#000000"
        handleLeave={[Function]}
        handleUpdate={[Function]}
        isActive={false}
        key="364.95190528383284|407.50000000000006"
        label="B"
        prices={
          Array [
            400.00000000000006,
            800,
            400,
          ]
        }
        r={7.5}
        x={364.95190528383284}
        y={407.50000000000006}
      />
      <LabeledCircle
        color="#000000"
        handleLeave={[Function]}
        handleUpdate={[Function]}
        isActive={false}
        key="429.90381056766574|407.50000000000006"
        label="C"
        prices={
          Array [
            199.99999999999994,
            1000,
            400,
          ]
        }
        r={7.5}
        x={429.90381056766574}
        y={407.50000000000006}
      />
      <LabeledCircle
        color="#000000"
        handleLeave={[Function]}
        handleUpdate={[Function]}
        isActive={false}
        key="494.85571585149864|407.5000000000001"
        label="A"
        prices={
          Array [
            0,
            1200,
            400,
          ]
        }
        r={7.5}
        x={494.85571585149864}
        y={407.5000000000001}
      />
      <LabeledCircle
        color="#000000"
        handleLeave={[Function]}
        handleUpdate={[Function]}
        isActive={false}
        key="72.66833150658479|463.7499999999999"
        label="B"
        prices={
          Array [
            1400,
            0,
            200,
          ]
        }
        r={7.5}
        x={72.66833150658479}
        y={463.7499999999999}
      />
      <LabeledCircle
        color="#000000"
        handleLeave={[Function]}
        handleUpdate={[Function]}
        isActive={false}
        key="137.62023679041766|463.74999999999994"
        label="C"
        prices={
          Array [
            1200,
            200,
            200,
          ]
        }
        r={7.5}
        x={137.62023679041766}
        y={463.74999999999994}
      />
      <LabeledCircle
        color="#000000"
        handleLeave={[Function]}
        handleUpdate={[Function]}
        isActive={false}
        key="202.57214207425056|463.75"
        label="A"
        prices={
          Array [
            1000,
            400,
            200,
          ]
        }
        r={7.5}
        x={202.57214207425056}
        y={463.75}
      />
      <LabeledCircle
        color="#000000"
        handleLeave={[Function]}
        handleUpdate={[Function]}
        isActive={false}
        key="267.52404735808346|463.75"
        label="B"
        prices={
          Array [
            800,
            600,
            200,
          ]
        }
        r={7.5}
        x={267.52404735808346}
        y={463.75}
      />
      <LabeledCircle
        color="#000000"
        handleLeave={[Function]}
        handleUpdate={[Function]}
        isActive={false}
        key="332.4759526419163|463.75"
        label="C"
        prices={
          Array [
            600,
            800,
            200,
          ]
        }
        r={7.5}
        x={332.4759526419163}
        y={463.75}
      />
      <LabeledCircle
        color="#000000"
        handleLeave={[Function]}
        handleUpdate={[Function]}
        isActive={false}
        key="397.42785792574927|463.7500000000001"
        label="A"
        prices={
          Array [
            400,
            1000,
            200,
          ]
        }
        r={7.5}
        x={397.42785792574927}
        y={463.7500000000001}
      />
      <LabeledCircle
        color="#000000"
        handleLeave={[Function]}
        handleUpdate={[Function]}
        isActive={false}
        key="462.3797632095821|463.75000000000006"
        label="B"
        prices={
          Array [
            200.00000000000006,
            1200,
            200,
          ]
        }
        r={7.5}
        x={462.3797632095821}
        y={463.75000000000006}
      />
      <LabeledCircle
        color="#000000"
        handleLeave={[Function]}
        handleUpdate={[Function]}
        isActive={false}
        key="527.331668493415|463.7500000000001"
        label="C"
        prices={
          Array [
            0,
            1400,
            200,
          ]
        }
        r={7.5}
        x={527.331668493415}
        y={463.7500000000001}
      />
      <LabeledCircle
        color="#000000"
        handleLeave={[Function]}
        handleUpdate={[Function]}
        isActive={false}
        key="40.19237886466834|519.9999999999999"
        label="C"
        prices={
          Array [
            1600,
            0,
            0,
          ]
        }
        r={7.5}
        x={40.19237886466834}
        y={519.9999999999999}
      />
      <LabeledCircle
        color="#000000"
        handleLeave={[Function]}
        handleUpdate={[Function]}
        isActive={false}
        key="105.14428414850124|519.9999999999999"
        label="A"
        prices={
          Array [
            1400,
            200,
            0,
          ]
        }
        r={7.5}
        x={105.14428414850124}
        y={519.9999999999999}
      />
      <LabeledCircle
        color="#000000"
        handleLeave={[Function]}
        handleUpdate={[Function]}
        isActive={false}
        key="170.09618943233414|519.9999999999999"
        label="B"
        prices={
          Array [
            1200,
            400,
            0,
          ]
        }
        r={7.5}
        x={170.09618943233414}
        y={519.9999999999999}
      />
      <LabeledCircle
        color="#000000"
        handleLeave={[Function]}
        handleUpdate={[Function]}
        isActive={false}
        key="235.04809471616704|520"
        label="C"
        prices={
          Array [
            1000,
            600,
            0,
          ]
        }
        r={7.5}
        x={235.04809471616704}
        y={520}
      />
      <LabeledCircle
        color="#000000"
        handleLeave={[Function]}
        handleUpdate={[Function]}
        isActive={false}
        key="299.9999999999999|520"
        label="A"
        prices={
          Array [
            800,
            800,
            0,
          ]
        }
        r={7.5}
        x={299.9999999999999}
        y={520}
      />
      <LabeledCircle
        color="#000000"
        handleLeave={[Function]}
        handleUpdate={[Function]}
        isActive={false}
        key="364.9519052838328|520"
        label="B"
        prices={
          Array [
            600,
            1000,
            0,
          ]
        }
        r={7.5}
        x={364.9519052838328}
        y={520}
      />
      <LabeledCircle
        color="#000000"
        handleLeave={[Function]}
        handleUpdate={[Function]}
        isActive={false}
        key="429.90381056766574|520.0000000000001"
        label="C"
        prices={
          Array [
            400,
            1200,
            0,
          ]
        }
        r={7.5}
        x={429.90381056766574}
        y={520.0000000000001}
      />
      <LabeledCircle
        color="#000000"
        handleLeave={[Function]}
        handleUpdate={[Function]}
        isActive={false}
        key="494.8557158514986|520.0000000000001"
        label="A"
        prices={
          Array [
            200,
            1400,
            0,
          ]
        }
        r={7.5}
        x={494.8557158514986}
        y={520.0000000000001}
      />
      <LabeledCircle
        color="#000000"
        handleLeave={[Function]}
        handleUpdate={[Function]}
        isActive={false}
        key="559.8076211353315|520.0000000000001"
        label="B"
        prices={
          Array [
            0,
            1600,
            0,
          ]
        }
        r={7.5}
        x={559.8076211353315}
        y={520.0000000000001}
      />
    </ClippedSVG>
    <Tooltip
      body=""
      title="Room Prices"
      visible={false}
      x={0}
      y={0}
    />
  </styled.div>
</div>
`;
