// Jest Snapshot v1, https://goo.gl/fbAQLP

exports[`smoke and snapshot tests renders first demonstration successfully 1`] = `
<div>
  <styled.div
    fullWidthAt="small"
    margin="0 auto"
    width="70%"
  >
    <LabeledSlider
      color="#FF8F34"
      fadeIcons={false}
      handleValueChange={[Function]}
      max={5}
      maxIcon="expand-arrows-alt"
      min={2}
      minIcon="compress-arrows-alt"
      sliderHeight={6}
      sliderPadding={10}
      step={1}
      tickCount={4}
      title="Mesh Size"
      value={4}
    />
    <styled.div
      column={false}
      cross="stretch"
      flex={1}
      main="center"
      margin="0"
      shouldWrap={false}
      textAlign="left"
      width="auto"
    >
      <Button
        color="white"
        disabled={false}
        large={false}
        onClick={[Function]}
      >
        Start Demonstration
      </Button>
    </styled.div>
  </styled.div>
  <styled.div
    fullWidthAt="small"
    margin="0 auto"
    width="55%"
  >
    <TooltipProvider
      render={[Function]}
    />
  </styled.div>
</div>
`;
