// Jest Snapshot v1, https://goo.gl/fbAQLP

exports[`smoke and snapshot tests renders first demonstration successfully 1`] = `
<DocumentFragment>
  <div>
    <div
      class="sc-bRBYWo gtDXeL"
    >
      <p
        class="sc-Rmtcm bImzes"
      >
        Number of district sides: 3
      </p>
      <section>
        <p
          class="sc-hzDkRC kxpnkL"
        >
          <i
            class="sc-gZMcBi dPNFn fas fa-minus fa-1x false"
            disabled=""
            style="color: rgb(85, 85, 85); opacity: 1;"
          />
        </p>
        <div
          class="rc-slider sc-chPdSV hlbFsG"
        >
          <div
            class="rc-slider-rail"
          />
          <div
            class="rc-slider-track"
            style="left: 0%; width: 0%;"
          />
          <div
            class="rc-slider-step"
          />
          <div
            aria-disabled="false"
            aria-valuemax="20"
            aria-valuemin="3"
            aria-valuenow="3"
            class="rc-slider-handle"
            role="slider"
            style="left: 0%; transform: translateX(-50%);"
            tabindex="0"
          />
          <div
            class="rc-slider-mark"
          />
          <div
            class="sc-iwsKbI gQUqIM"
            width="auto"
          >
            <div
              class="sc-jAaTju kaBuqs"
              color="#888"
              offset="10"
              width="6"
            />
            <div
              class="sc-jAaTju kbZoje"
              color="#e9e9e9"
              offset="10"
              width="6"
            />
          </div>
        </div>
        <p
          class="sc-hzDkRC kxpnkL"
        >
          <i
            class="sc-gZMcBi dPNFn fas fa-plus fa-1x false"
            disabled=""
            style="color: rgb(85, 85, 85); opacity: 1;"
          />
        </p>
      </section>
    </div>
    <div>
      <svg
        class="sc-gzVnrw kAIloo"
        viewBox="0 0 600 400"
        xmlns="http://www.w3.org/2000/svg"
      >
        <defs>
          <clippath
            id="clip-path-isoperimetric-svg"
          >
            <rect
              height="400"
              width="600"
              x="0"
              y="0"
            />
          </clippath>
        </defs>
        <g
          clip-path="url(#clip-path-isoperimetric-svg)"
        >
          <rect
            fill="none"
            height="400"
            stroke="#BBBBBB"
            stroke-width="3"
            width="600"
            x="0"
            y="0"
          />
          <circle
            cx="300"
            cy="200"
            fill="#BBBBBB"
            r="82.6993343132688"
            stroke="#555555"
            stroke-width="3"
          />
          <g>
            <polygon
              fill="#52A081"
              points="300,100 386.6025403784439,250 213.39745962155615,250.00000000000003"
              stroke="none"
              stroke-width="3"
            />
            <line
              stroke="#00802b"
              stroke-width="3"
              x1="300"
              x2="386.6025403784439"
              y1="100"
              y2="250"
            />
            <line
              stroke="#00802b"
              stroke-width="3"
              x1="386.6025403784439"
              x2="213.39745962155615"
              y1="250"
              y2="250.00000000000003"
            />
            <line
              stroke="#00802b"
              stroke-width="3"
              x1="213.39745962155615"
              x2="300"
              y1="250.00000000000003"
              y2="100"
            />
            <circle
              class="sc-jTzLTM fPdFLV react-draggable"
              cx="0"
              cy="0"
              fill="#52A081"
              r="8"
              stroke="#00802b"
              stroke-width="3"
              style=""
              transform="translate(300,100)"
            />
            <circle
              class="sc-jTzLTM fPdFLV react-draggable"
              cx="0"
              cy="0"
              fill="#52A081"
              r="8"
              stroke="#00802b"
              stroke-width="3"
              style=""
              transform="translate(386.6025403784439,250)"
            />
            <circle
              class="sc-jTzLTM fPdFLV react-draggable"
              cx="0"
              cy="0"
              fill="#52A081"
              r="8"
              stroke="#00802b"
              stroke-width="3"
              style=""
              transform="translate(213.39745962155615,250.00000000000003)"
            />
          </g>
        </g>
      </svg>
    </div>
    <table
      class="sc-kgoBCf kChdgN"
    >
      <tbody>
        <tr>
          <td>
            Circle Area: 100.00
          </td>
          <td>
            Polygon Area: 60.46
          </td>
          <td>
            Ratio: 0.60
          </td>
        </tr>
      </tbody>
    </table>
  </div>
</DocumentFragment>
`;
