// Jest Snapshot v1, https://goo.gl/fbAQLP

exports[`smoke and snapshot tests renders first demonstration successfully 1`] = `
<DocumentFragment>
  <div
    class="sc-VigVT reYwt"
    width="80%"
  >
    <div
      class="sc-iwsKbI QHnwj"
      width="auto"
    >
      <button
        class="sc-bxivhb llgjdL"
        color="white"
      >
        Play
      </button>
      <button
        class="sc-bxivhb gABOAA"
        color="#FF3C23"
      >
        Reset Simulation
      </button>
    </div>
    <div>
      <h4
        class="sc-eNQAEJ dYZFZv"
      >
        Most Plentiful Strategy: 0.0%
      </h4>
      <div
        class="sc-jKJlTe pjJtZ"
      >
        <div
          style="width: 0%; background-color: rgb(82, 160, 129);"
        />
        <div
          style="width: 0%; background-color: rgb(255, 60, 35);"
        />
        <div
          style="width: 0%; background-color: rgb(187, 187, 187);"
        />
      </div>
      <div
        class="sc-gipzik fSaFp"
        style="display: none; left: 0px; top: -20px; width: 0px;"
        x="0"
        y="-20"
      />
    </div>
    <div>
      <h4
        class="sc-eNQAEJ dYZFZv"
      >
        Least Plentiful Strategy: 0.0%
      </h4>
      <div
        class="sc-jKJlTe pjJtZ"
      >
        <div
          style="width: 0%; background-color: rgb(82, 160, 129);"
        />
        <div
          style="width: 0%; background-color: rgb(255, 60, 35);"
        />
        <div
          style="width: 0%; background-color: rgb(187, 187, 187);"
        />
      </div>
      <div
        class="sc-gipzik fSaFp"
        style="display: none; left: 0px; top: -20px; width: 0px;"
        x="0"
        y="-20"
      />
    </div>
    <div>
      <h4
        class="sc-eNQAEJ dYZFZv"
      >
        Random Strategy: 0.0%
      </h4>
      <div
        class="sc-jKJlTe pjJtZ"
      >
        <div
          style="width: 0%; background-color: rgb(82, 160, 129);"
        />
        <div
          style="width: 0%; background-color: rgb(255, 60, 35);"
        />
        <div
          style="width: 0%; background-color: rgb(187, 187, 187);"
        />
      </div>
      <div
        class="sc-gipzik fSaFp"
        style="display: none; left: 0px; top: -20px; width: 0px;"
        x="0"
        y="-20"
      />
    </div>
    <div>
      <h4
        class="sc-eNQAEJ dYZFZv"
      >
        Favorite Color Strategy: 0.0%
      </h4>
      <div
        class="sc-jKJlTe pjJtZ"
      >
        <div
          style="width: 0%; background-color: rgb(82, 160, 129);"
        />
        <div
          style="width: 0%; background-color: rgb(255, 60, 35);"
        />
        <div
          style="width: 0%; background-color: rgb(187, 187, 187);"
        />
      </div>
      <div
        class="sc-gipzik fSaFp"
        style="display: none; left: 0px; top: -20px; width: 0px;"
        x="0"
        y="-20"
      />
    </div>
  </div>
</DocumentFragment>
`;
