// Jest Snapshot v1, https://goo.gl/fbAQLP

exports[`smoke and snapshot tests renders fifth demonstration successfully 1`] = `
<SliderProvider
  column={true}
  fullWidthAt="small"
  initialData={
    Array [
      Object {
        "color": "#5ECFFF",
        "equationParameter": true,
        "initialValue": 1,
        "max": 5,
        "maxIcon": "fast-forward",
        "min": 0,
        "minIcon": "pause",
        "title": "Growth rate for the population",
      },
    ]
  }
  render={[Function]}
  width="70%"
/>
`;

exports[`smoke and snapshot tests renders first demonstration successfully 1`] = `
<SliderProvider
  column={true}
  fullWidthAt="small"
  initialData={
    Array [
      Object {
        "color": "#5ECFFF",
        "equationParameter": true,
        "initialValue": 1,
        "max": 5,
        "maxIcon": "fast-forward",
        "min": 0,
        "minIcon": "pause",
        "title": "Growth rate for the population",
      },
    ]
  }
  render={[Function]}
  width="70%"
/>
`;

exports[`smoke and snapshot tests renders fourth demonstration successfully 1`] = `
<SliderProvider
  column={true}
  fullWidthAt="small"
  initialData={
    Array [
      Object {
        "color": "#5ECFFF",
        "equationParameter": true,
        "initialValue": 1,
        "max": 5,
        "maxIcon": "fast-forward",
        "min": 0,
        "minIcon": "pause",
        "title": "Growth rate for the population",
      },
    ]
  }
  render={[Function]}
  width="70%"
/>
`;

exports[`smoke and snapshot tests renders second demonstration successfully 1`] = `
<SliderProvider
  column={true}
  fullWidthAt="small"
  initialData={
    Array [
      Object {
        "color": "#5ECFFF",
        "equationParameter": true,
        "initialValue": 1,
        "max": 5,
        "maxIcon": "fast-forward",
        "min": 0,
        "minIcon": "pause",
        "title": "Growth rate for the population",
      },
    ]
  }
  render={[Function]}
  width="70%"
/>
`;

exports[`smoke and snapshot tests renders third demonstration successfully 1`] = `
<SliderProvider
  column={true}
  fullWidthAt="small"
  initialData={
    Array [
      Object {
        "color": "#5ECFFF",
        "equationParameter": true,
        "initialValue": 1,
        "max": 5,
        "maxIcon": "fast-forward",
        "min": 0,
        "minIcon": "pause",
        "title": "Growth rate for the population",
      },
    ]
  }
  render={[Function]}
  width="70%"
/>
`;
