// Jest Snapshot v1, https://goo.gl/fbAQLP

exports[`smoke and snapshot tests renders first demonstration successfully 1`] = `
<styled.div
  fullWidthAt="small"
  width="50%"
>
  <SliderGroup
    column={true}
    data={
      Array [
        Object {
          "color": "#555555",
          "handleValueChange": [Function],
          "max": 5,
          "min": 1,
          "step": 1,
          "tickCount": 5,
          "title": "Number of Fruit Colors: 4",
          "value": 4,
        },
        Object {
          "color": "#555555",
          "handleValueChange": [Function],
          "max": 5,
          "min": 1,
          "step": 1,
          "tickCount": 5,
          "title": "Number of Fruits You Can Remove on the Wild Card: 1",
          "value": 1,
        },
      ]
    }
  />
  <styled.div>
    <Styled(StateManager)
      isSearchable={false}
      name="orchard-heat-options"
      onChange={[Function]}
      options={
        Array [
          Object {
            "accessor": [Function],
            "label": "Most Plentiful Strategy",
            "value": "mostPlentiful",
          },
          Object {
            "accessor": [Function],
            "label": "Least Plentiful Strategy",
            "value": "leastPlentiful",
          },
          Object {
            "accessor": [Function],
            "label": "Random Strategy",
            "value": "random",
          },
          Object {
            "accessor": [Function],
            "label": "Favorite Color Strategy",
            "value": "favoriteColor",
          },
          Object {
            "accessor": [Function],
            "label": "Largest difference between strategies",
            "value": "diff",
          },
        ]
      }
      placeholder="Most Plentiful Strategy"
      styles={
        Object {
          "placeholder": [Function],
        }
      }
      value="mostPlentiful"
    />
  </styled.div>
  <HeatChart
    accessor={[Function]}
    axes={true}
    colorDomain={
      Array [
        0,
        0.2,
        0.4,
        0.6,
        0.8,
        1,
      ]
    }
    colorRange={
      Array [
        "#000000",
        "#FF3C23",
        "#FF8F34",
        "#FFEC28",
        "#52A081",
        "#00802b",
      ]
    }
    data={
      Array [
        Array [
          Object {
            "colors": 4,
            "fruits": 1,
            "probs": Object {
              "favoriteColor": 0.3333333333333333,
              "leastPlentiful": 0.3333333333333333,
              "mostPlentiful": 0.3333333333333333,
              "random": 0.3333333333333333,
            },
            "ravenCount": 1,
            "wildCardCount": 1,
          },
          Object {
            "colors": 4,
            "fruits": 2,
            "probs": Object {
              "favoriteColor": 0.1347156378600823,
              "leastPlentiful": 0.128920524691358,
              "mostPlentiful": 0.14332098765432097,
              "random": 0.1364682998971193,
            },
            "ravenCount": 1,
            "wildCardCount": 1,
          },
          Object {
            "colors": 4,
            "fruits": 3,
            "probs": Object {
              "favoriteColor": 0.05646516628562719,
              "leastPlentiful": 0.05180468991602841,
              "mostPlentiful": 0.06455375491540923,
              "random": 0.05844148935179324,
            },
            "ravenCount": 1,
            "wildCardCount": 1,
          },
          Object {
            "colors": 4,
            "fruits": 4,
            "probs": Object {
              "favoriteColor": 0.024049355696911166,
              "leastPlentiful": 0.021209327369085453,
              "mostPlentiful": 0.02968669501111694,
              "random": 0.025587108653745288,
            },
            "ravenCount": 1,
            "wildCardCount": 1,
          },
          Object {
            "colors": 4,
            "fruits": 5,
            "probs": Object {
              "favoriteColor": 0.010335938480511815,
              "leastPlentiful": 0.008782542263230294,
              "mostPlentiful": 0.01381525838283884,
              "random": 0.01135746785214521,
            },
            "ravenCount": 1,
            "wildCardCount": 1,
          },
          Object {
            "colors": 4,
            "fruits": 6,
            "probs": Object {
              "favoriteColor": 0.004467972673847717,
              "leastPlentiful": 0.0036651556436481693,
              "mostPlentiful": 0.006478652650144405,
              "random": 0.00508969376309167,
            },
            "ravenCount": 1,
            "wildCardCount": 1,
          },
          Object {
            "colors": 4,
            "fruits": 7,
            "probs": Object {
              "favoriteColor": 0.0019391725776806052,
              "leastPlentiful": 0.0015383299032763406,
              "mostPlentiful": 0.0030543961772597963,
              "random": 0.0022972084038102025,
            },
            "ravenCount": 1,
            "wildCardCount": 1,
          },
          Object {
            "colors": 4,
            "fruits": 8,
            "probs": Object {
              "favoriteColor": 0.0008441184923083005,
              "leastPlentiful": 0.0006485202940375218,
              "mostPlentiful": 0.0014456391677998327,
              "random": 0.0010426395227952452,
            },
            "ravenCount": 1,
            "wildCardCount": 1,
          },
          Object {
            "colors": 4,
            "fruits": 9,
            "probs": Object {
              "favoriteColor": 0.0003682732495187823,
              "leastPlentiful": 0.00027436475371101795,
              "mostPlentiful": 0.0006862469513786848,
              "random": 0.000475369314320207,
            },
            "ravenCount": 1,
            "wildCardCount": 1,
          },
          Object {
            "colors": 4,
            "fruits": 10,
            "probs": Object {
              "favoriteColor": 0.00016095732895325232,
              "leastPlentiful": 0.00011640924005190089,
              "mostPlentiful": 0.0003265164957042119,
              "random": 0.00021754967766687686,
            },
            "ravenCount": 1,
            "wildCardCount": 1,
          },
          Object {
            "colors": 4,
            "fruits": 11,
            "probs": Object {
              "favoriteColor": 0.0000704495744729511,
              "leastPlentiful": 0.00004951033084217336,
              "mostPlentiful": 0.00015564370688906268,
              "random": 0.00009987733622649976,
            },
            "ravenCount": 1,
            "wildCardCount": 1,
          },
          Object {
            "colors": 4,
            "fruits": 12,
            "probs": Object {
              "favoriteColor": 0.00003087200962117698,
              "leastPlentiful": 0.0000211006825818277,
              "mostPlentiful": 0.00007430358294520755,
              "random": 0.000045979527319339264,
            },
            "ravenCount": 1,
            "wildCardCount": 1,
          },
        ],
        Array [
          Object {
            "colors": 4,
            "fruits": 1,
            "probs": Object {
              "favoriteColor": 0.65,
              "leastPlentiful": 0.65,
              "mostPlentiful": 0.65,
              "random": 0.65,
            },
            "ravenCount": 2,
            "wildCardCount": 1,
          },
          Object {
            "colors": 4,
            "fruits": 2,
            "probs": Object {
              "favoriteColor": 0.3704068038408779,
              "leastPlentiful": 0.3587361496913581,
              "mostPlentiful": 0.3874644032921812,
              "random": 0.3739007067686899,
            },
            "ravenCount": 2,
            "wildCardCount": 1,
          },
          Object {
            "colors": 4,
            "fruits": 3,
            "probs": Object {
              "favoriteColor": 0.19870986285817707,
              "leastPlentiful": 0.18566796408943076,
              "mostPlentiful": 0.22079372898948338,
              "random": 0.2041604711578525,
            },
            "ravenCount": 2,
            "wildCardCount": 1,
          },
          Object {
            "colors": 4,
            "fruits": 4,
            "probs": Object {
              "favoriteColor": 0.10282004094670004,
              "leastPlentiful": 0.09268400834440858,
              "mostPlentiful": 0.12234027961933293,
              "random": 0.1082128177156005,
            },
            "ravenCount": 2,
            "wildCardCount": 1,
          },
          Object {
            "colors": 4,
            "fruits": 5,
            "probs": Object {
              "favoriteColor": 0.051927040182276646,
              "leastPlentiful": 0.04519892201301492,
              "mostPlentiful": 0.0664894889548114,
              "random": 0.056264633391452094,
            },
            "ravenCount": 2,
            "wildCardCount": 1,
          },
          Object {
            "colors": 4,
            "fruits": 6,
            "probs": Object {
              "favoriteColor": 0.025769072385240482,
              "leastPlentiful": 0.021684496303921125,
              "mostPlentiful": 0.03562439434670981,
              "random": 0.02886440523188423,
            },
            "ravenCount": 2,
            "wildCardCount": 1,
          },
          Object {
            "colors": 4,
            "fruits": 7,
            "probs": Object {
              "favoriteColor": 0.012619339373167457,
              "leastPlentiful": 0.010278328525653786,
              "mostPlentiful": 0.018878567663857135,
              "random": 0.014662310975258228,
            },
            "ravenCount": 2,
            "wildCardCount": 1,
          },
          Object {
            "colors": 4,
            "fruits": 8,
            "probs": Object {
              "favoriteColor": 0.006115701668521759,
              "leastPlentiful": 0.004826818481879103,
              "mostPlentiful": 0.009917088428563802,
              "random": 0.007392085756737479,
            },
            "ravenCount": 2,
            "wildCardCount": 1,
          },
          Object {
            "colors": 4,
            "fruits": 9,
            "probs": Object {
              "favoriteColor": 0.0029390249034510554,
              "leastPlentiful": 0.0022501019809904503,
              "mostPlentiful": 0.005172309451289264,
              "random": 0.003704721214883383,
            },
            "ravenCount": 2,
            "wildCardCount": 1,
          },
          Object {
            "colors": 4,
            "fruits": 10,
            "probs": Object {
              "favoriteColor": 0.0014026525051492537,
              "leastPlentiful": 0.0010426736865684746,
              "mostPlentiful": 0.0026815338811193748,
              "random": 0.0018478668929256675,
            },
            "ravenCount": 2,
            "wildCardCount": 1,
          },
          Object {
            "colors": 4,
            "fruits": 11,
            "probs": Object {
              "favoriteColor": 0.0006655380732402284,
              "leastPlentiful": 0.00048078078817554364,
              "mostPlentiful": 0.0013831614468509008,
              "random": 0.0009180903638524486,
            },
            "ravenCount": 2,
            "wildCardCount": 1,
          },
          Object {
            "colors": 4,
            "fruits": 12,
            "probs": Object {
              "favoriteColor": 0.00031423077572933876,
              "leastPlentiful": 0.00022076989610155678,
              "mostPlentiful": 0.0007103304080735891,
              "random": 0.0004546568875935917,
            },
            "ravenCount": 2,
            "wildCardCount": 1,
          },
        ],
        Array [
          Object {
            "colors": 4,
            "fruits": 1,
            "probs": Object {
              "favoriteColor": 0.8406481481481481,
              "leastPlentiful": 0.8406481481481481,
              "mostPlentiful": 0.8406481481481481,
              "random": 0.8406481481481481,
            },
            "ravenCount": 3,
            "wildCardCount": 1,
          },
          Object {
            "colors": 4,
            "fruits": 2,
            "probs": Object {
              "favoriteColor": 0.6047089934842249,
              "leastPlentiful": 0.5915378557956104,
              "mostPlentiful": 0.6236650205761317,
              "random": 0.6086134355263343,
            },
            "ravenCount": 3,
            "wildCardCount": 1,
          },
          Object {
            "colors": 4,
            "fruits": 3,
            "probs": Object {
              "favoriteColor": 0.39433595961222884,
              "leastPlentiful": 0.37454496294895606,
              "mostPlentiful": 0.4270344892577352,
              "random": 0.4024885591429323,
            },
            "ravenCount": 3,
            "wildCardCount": 1,
          },
          Object {
            "colors": 4,
            "fruits": 4,
            "probs": Object {
              "favoriteColor": 0.24076504154001324,
              "leastPlentiful": 0.22149956033788362,
              "mostPlentiful": 0.2767575841390684,
              "random": 0.25083660718300466,
            },
            "ravenCount": 3,
            "wildCardCount": 1,
          },
          Object {
            "colors": 4,
            "fruits": 5,
            "probs": Object {
              "favoriteColor": 0.14026867639695437,
              "leastPlentiful": 0.1249260487846059,
              "mostPlentiful": 0.17235136828804754,
              "random": 0.14996482278167814,
            },
            "ravenCount": 3,
            "wildCardCount": 1,
          },
          Object {
            "colors": 4,
            "fruits": 6,
            "probs": Object {
              "favoriteColor": 0.07891105112857806,
              "leastPlentiful": 0.06805584106134749,
              "mostPlentiful": 0.1041361718912069,
              "random": 0.0869595650985554,
            },
            "ravenCount": 3,
            "wildCardCount": 1,
          },
          Object {
            "colors": 4,
            "fruits": 7,
            "probs": Object {
              "favoriteColor": 0.0432079263933637,
              "leastPlentiful": 0.036107600838147645,
              "mostPlentiful": 0.06144617693501921,
              "random": 0.049260854799906634,
            },
            "ravenCount": 3,
            "wildCardCount": 1,
          },
          Object {
            "colors": 4,
            "fruits": 8,
            "probs": Object {
              "favoriteColor": 0.023154428838609107,
              "leastPlentiful": 0.01876321344238354,
              "mostPlentiful": 0.035571130170127495,
              "random": 0.02739664041139801,
            },
            "ravenCount": 3,
            "wildCardCount": 1,
          },
          Object {
            "colors": 4,
            "fruits": 9,
            "probs": Object {
              "favoriteColor": 0.012192267424016183,
              "leastPlentiful": 0.009588269248408767,
              "mostPlentiful": 0.020271092476755896,
              "random": 0.015012290946295715,
            },
            "ravenCount": 3,
            "wildCardCount": 1,
          },
          Object {
            "colors": 4,
            "fruits": 10,
            "probs": Object {
              "favoriteColor": 0.006327173593168399,
              "leastPlentiful": 0.004832660703744271,
              "mostPlentiful": 0.011400922209930992,
              "random": 0.008126301679422535,
            },
            "ravenCount": 3,
            "wildCardCount": 1,
          },
          Object {
            "colors": 4,
            "fruits": 11,
            "probs": Object {
              "favoriteColor": 0.0032434107397647047,
              "leastPlentiful": 0.002407806108374181,
              "mostPlentiful": 0.0063407634543398055,
              "random": 0.0043541448328113545,
            },
            "ravenCount": 3,
            "wildCardCount": 1,
          },
          Object {
            "colors": 4,
            "fruits": 12,
            "probs": Object {
              "favoriteColor": 0.0016452716689571694,
              "leastPlentiful": 0.0011879616234345698,
              "mostPlentiful": 0.003492664557843694,
              "random": 0.0023128678894504804,
            },
            "ravenCount": 3,
            "wildCardCount": 1,
          },
        ],
        Array [
          Object {
            "colors": 4,
            "fruits": 1,
            "probs": Object {
              "favoriteColor": 0.9337546296296296,
              "leastPlentiful": 0.9337546296296296,
              "mostPlentiful": 0.9337546296296296,
              "random": 0.9337546296296297,
            },
            "ravenCount": 4,
            "wildCardCount": 1,
          },
          Object {
            "colors": 4,
            "fruits": 2,
            "probs": Object {
              "favoriteColor": 0.779032159807956,
              "leastPlentiful": 0.7680354760016573,
              "mostPlentiful": 0.7946239391860995,
              "random": 0.7822611910400946,
            },
            "ravenCount": 4,
            "wildCardCount": 1,
          },
          Object {
            "colors": 4,
            "fruits": 3,
            "probs": Object {
              "favoriteColor": 0.5890531857170171,
              "leastPlentiful": 0.5674470224164535,
              "mostPlentiful": 0.6238891125911193,
              "random": 0.5978271715139656,
            },
            "ravenCount": 4,
            "wildCardCount": 1,
          },
          Object {
            "colors": 4,
            "fruits": 4,
            "probs": Object {
              "favoriteColor": 0.4124124301556938,
              "leastPlentiful": 0.3864885228515805,
              "mostPlentiful": 0.4593937135907946,
              "random": 0.4257292400635086,
            },
            "ravenCount": 4,
            "wildCardCount": 1,
          },
          Object {
            "colors": 4,
            "fruits": 5,
            "probs": Object {
              "favoriteColor": 0.27205227301301876,
              "leastPlentiful": 0.24754011756384822,
              "mostPlentiful": 0.3215639709465675,
              "random": 0.28723671053830274,
            },
            "ravenCount": 4,
            "wildCardCount": 1,
          },
          Object {
            "colors": 4,
            "fruits": 6,
            "probs": Object {
              "favoriteColor": 0.17127748720080882,
              "leastPlentiful": 0.1512133191085041,
              "mostPlentiful": 0.2161708418575078,
              "random": 0.18583092776258434,
            },
            "ravenCount": 4,
            "wildCardCount": 1,
          },
          Object {
            "colors": 4,
            "fruits": 7,
            "probs": Object {
              "favoriteColor": 0.10388544199438643,
              "leastPlentiful": 0.08898892086291939,
              "mostPlentiful": 0.1406351959005882,
              "random": 0.11628868230715313,
            },
            "ravenCount": 4,
            "wildCardCount": 1,
          },
          Object {
            "colors": 4,
            "fruits": 8,
            "probs": Object {
              "favoriteColor": 0.06112701280045663,
              "leastPlentiful": 0.05082153930379818,
              "mostPlentiful": 0.08905566446140516,
              "random": 0.07083748334396207,
            },
            "ravenCount": 4,
            "wildCardCount": 1,
          },
          Object {
            "colors": 4,
            "fruits": 9,
            "probs": Object {
              "favoriteColor": 0.03507598608035092,
              "leastPlentiful": 0.028318636656527073,
              "mostPlentiful": 0.05513368175163169,
              "random": 0.0422050698817514,
            },
            "ravenCount": 4,
            "wildCardCount": 1,
          },
          Object {
            "colors": 4,
            "fruits": 10,
            "probs": Object {
              "favoriteColor": 0.01970752397164222,
              "leastPlentiful": 0.015459269234673221,
              "mostPlentiful": 0.0334852513203394,
              "random": 0.02468442651707073,
            },
            "ravenCount": 4,
            "wildCardCount": 1,
          },
          Object {
            "colors": 4,
            "fruits": 11,
            "probs": Object {
              "favoriteColor": 0.01087593655751065,
              "leastPlentiful": 0.008294206294662779,
              "mostPlentiful": 0.02000567089422805,
              "random": 0.014212461331757173,
            },
            "ravenCount": 4,
            "wildCardCount": 1,
          },
          Object {
            "colors": 4,
            "fruits": 12,
            "probs": Object {
              "favoriteColor": 0.005910183804187826,
              "leastPlentiful": 0.0043844529871834344,
              "mostPlentiful": 0.011783253642434113,
              "random": 0.008073803300295451,
            },
            "ravenCount": 4,
            "wildCardCount": 1,
          },
        ],
        Array [
          Object {
            "colors": 4,
            "fruits": 1,
            "probs": Object {
              "favoriteColor": 0.9740933899176953,
              "leastPlentiful": 0.9740933899176953,
              "mostPlentiful": 0.9740933899176953,
              "random": 0.9740933899176955,
            },
            "ravenCount": 5,
            "wildCardCount": 1,
          },
          Object {
            "colors": 4,
            "fruits": 2,
            "probs": Object {
              "favoriteColor": 0.8871623014789095,
              "leastPlentiful": 0.8795836838321973,
              "mostPlentiful": 0.8977539579665827,
              "random": 0.8893674739732177,
            },
            "ravenCount": 5,
            "wildCardCount": 1,
          },
          Object {
            "colors": 4,
            "fruits": 3,
            "probs": Object {
              "favoriteColor": 0.7460838126842565,
              "leastPlentiful": 0.7270759676083959,
              "mostPlentiful": 0.7759970633440586,
              "random": 0.753694577245993,
            },
            "ravenCount": 5,
            "wildCardCount": 1,
          },
          Object {
            "colors": 4,
            "fruits": 4,
            "probs": Object {
              "favoriteColor": 0.5826448029223285,
              "leastPlentiful": 0.5549358258184136,
              "mostPlentiful": 0.6313573066006354,
              "random": 0.596632015719557,
            },
            "ravenCount": 5,
            "wildCardCount": 1,
          },
          Object {
            "colors": 4,
            "fruits": 5,
            "probs": Object {
              "favoriteColor": 0.4270783921803267,
              "leastPlentiful": 0.39626722565004174,
              "mostPlentiful": 0.48718740817576545,
              "random": 0.4457866549849372,
            },
            "ravenCount": 5,
            "wildCardCount": 1,
          },
          Object {
            "colors": 4,
            "fruits": 6,
            "probs": Object {
              "favoriteColor": 0.2969365403812941,
              "leastPlentiful": 0.26795736855666047,
              "mostPlentiful": 0.35935740822339296,
              "random": 0.31749840379640215,
            },
            "ravenCount": 5,
            "wildCardCount": 1,
          },
          Object {
            "colors": 4,
            "fruits": 7,
            "probs": Object {
              "favoriteColor": 0.19757643161756475,
              "leastPlentiful": 0.17327939903960635,
              "mostPlentiful": 0.25513166818214955,
              "random": 0.21733314160567244,
            },
            "ravenCount": 5,
            "wildCardCount": 1,
          },
          Object {
            "colors": 4,
            "fruits": 8,
            "probs": Object {
              "favoriteColor": 0.12671970253140952,
              "leastPlentiful": 0.10799188681316585,
              "mostPlentiful": 0.1753509862734767,
              "random": 0.14392892431108154,
            },
            "ravenCount": 5,
            "wildCardCount": 1,
          },
          Object {
            "colors": 4,
            "fruits": 9,
            "probs": Object {
              "favoriteColor": 0.07879228489787303,
              "leastPlentiful": 0.06525699037885357,
              "mostPlentiful": 0.11722045194096427,
              "random": 0.09270142939178071,
            },
            "ravenCount": 5,
            "wildCardCount": 1,
          },
          Object {
            "colors": 4,
            "fruits": 10,
            "probs": Object {
              "favoriteColor": 0.04771417702712719,
              "leastPlentiful": 0.0384170723808195,
              "mostPlentiful": 0.07651005240591116,
              "random": 0.05831179938799805,
            },
            "ravenCount": 5,
            "wildCardCount": 1,
          },
          Object {
            "colors": 4,
            "fruits": 11,
            "probs": Object {
              "favoriteColor": 0.02824495824642162,
              "leastPlentiful": 0.022117139334538027,
              "mostPlentiful": 0.04891247517673828,
              "random": 0.03594312835375321,
            },
            "ravenCount": 5,
            "wildCardCount": 1,
          },
          Object {
            "colors": 4,
            "fruits": 12,
            "probs": Object {
              "favoriteColor": 0.016393405477285485,
              "leastPlentiful": 0.012490091515478223,
              "mostPlentiful": 0.03070666151834689,
              "random": 0.021769408377370573,
            },
            "ravenCount": 5,
            "wildCardCount": 1,
          },
        ],
        Array [
          Object {
            "colors": 4,
            "fruits": 1,
            "probs": Object {
              "favoriteColor": 0.9902911252572016,
              "leastPlentiful": 0.9902911252572016,
              "mostPlentiful": 0.9902911252572016,
              "random": 0.9902911252572016,
            },
            "ravenCount": 6,
            "wildCardCount": 1,
          },
          Object {
            "colors": 4,
            "fruits": 2,
            "probs": Object {
              "favoriteColor": 0.9463237339245415,
              "leastPlentiful": 0.9417567422252834,
              "mostPlentiful": 0.952618695973413,
              "random": 0.9476410885836176,
            },
            "ravenCount": 6,
            "wildCardCount": 1,
          },
          Object {
            "colors": 4,
            "fruits": 3,
            "probs": Object {
              "favoriteColor": 0.8550617028103621,
              "leastPlentiful": 0.8407431087992815,
              "mostPlentiful": 0.8770622289453569,
              "random": 0.8607159619126534,
            },
            "ravenCount": 6,
            "wildCardCount": 1,
          },
          Object {
            "colors": 4,
            "fruits": 4,
            "probs": Object {
              "favoriteColor": 0.7258027237761603,
              "leastPlentiful": 0.7007692543180238,
              "mostPlentiful": 0.7684969326194145,
              "random": 0.7382218154293808,
            },
            "ravenCount": 6,
            "wildCardCount": 1,
          },
          Object {
            "colors": 4,
            "fruits": 5,
            "probs": Object {
              "favoriteColor": 0.5802096302612698,
              "leastPlentiful": 0.5477614662507408,
              "mostPlentiful": 0.6413464546796845,
              "random": 0.5995218103018791,
            },
            "ravenCount": 6,
            "wildCardCount": 1,
          },
          Object {
            "colors": 4,
            "fruits": 6,
            "probs": Object {
              "favoriteColor": 0.4394845187831777,
              "leastPlentiful": 0.40463959227846247,
              "mostPlentiful": 0.5117293990258642,
              "random": 0.4636685489807239,
            },
            "ravenCount": 6,
            "wildCardCount": 1,
          },
          Object {
            "colors": 4,
            "fruits": 7,
            "probs": Object {
              "favoriteColor": 0.31757903911172564,
              "leastPlentiful": 0.2847455890030608,
              "mostPlentiful": 0.3922460989846232,
              "random": 0.3436496477224142,
            },
            "ravenCount": 6,
            "wildCardCount": 1,
          },
          Object {
            "colors": 4,
            "fruits": 8,
            "probs": Object {
              "favoriteColor": 0.22032611867549282,
              "leastPlentiful": 0.19223550778456688,
              "mostPlentiful": 0.2902043903468087,
              "random": 0.2454963276251935,
            },
            "ravenCount": 6,
            "wildCardCount": 1,
          },
          Object {
            "colors": 4,
            "fruits": 9,
            "probs": Object {
              "favoriteColor": 0.14756576703900318,
              "leastPlentiful": 0.12525602897905705,
              "mostPlentiful": 0.2081350051030597,
              "random": 0.169893475060976,
            },
            "ravenCount": 6,
            "wildCardCount": 1,
          },
          Object {
            "colors": 4,
            "fruits": 10,
            "probs": Object {
              "favoriteColor": 0.09586109751237314,
              "leastPlentiful": 0.07916035849041679,
              "mostPlentiful": 0.14524990419598321,
              "random": 0.11438126960650195,
            },
            "ravenCount": 6,
            "wildCardCount": 1,
          },
          Object {
            "colors": 4,
            "fruits": 11,
            "probs": Object {
              "favoriteColor": 0.0606371967849291,
              "leastPlentiful": 0.048723561047072955,
              "mostPlentiful": 0.09895101085378914,
              "random": 0.0751836631304298,
            },
            "ravenCount": 6,
            "wildCardCount": 1,
          },
          Object {
            "colors": 4,
            "fruits": 12,
            "probs": Object {
              "favoriteColor": 0.03747146120190511,
              "leastPlentiful": 0.029306354090278926,
              "mostPlentiful": 0.06598680316761321,
              "random": 0.04839197446821575,
            },
            "ravenCount": 6,
            "wildCardCount": 1,
          },
        ],
        Array [
          Object {
            "colors": 4,
            "fruits": 1,
            "probs": Object {
              "favoriteColor": 0.9964705183970621,
              "leastPlentiful": 0.9964705183970621,
              "mostPlentiful": 0.9964705183970621,
              "random": 0.9964705183970621,
            },
            "ravenCount": 7,
            "wildCardCount": 1,
          },
          Object {
            "colors": 4,
            "fruits": 2,
            "probs": Object {
              "favoriteColor": 0.9758614860786059,
              "leastPlentiful": 0.973369520526127,
              "mostPlentiful": 0.9792511697745182,
              "random": 0.9765743732951565,
            },
            "ravenCount": 7,
            "wildCardCount": 1,
          },
          Object {
            "colors": 4,
            "fruits": 3,
            "probs": Object {
              "favoriteColor": 0.922602256515818,
              "leastPlentiful": 0.9130140986913148,
              "mostPlentiful": 0.9369908910628247,
              "random": 0.926337441789104,
            },
            "ravenCount": 7,
            "wildCardCount": 1,
          },
          Object {
            "colors": 4,
            "fruits": 4,
            "probs": Object {
              "favoriteColor": 0.8318904473603584,
              "leastPlentiful": 0.8120212347029699,
              "mostPlentiful": 0.8647694316956075,
              "random": 0.8415793305414913,
            },
            "ravenCount": 7,
            "wildCardCount": 1,
          },
          Object {
            "colors": 4,
            "fruits": 5,
            "probs": Object {
              "favoriteColor": 0.7122999634220818,
              "leastPlentiful": 0.682522009606762,
              "mostPlentiful": 0.7664866190385169,
              "random": 0.7296730726995356,
            },
            "ravenCount": 7,
            "wildCardCount": 1,
          },
          Object {
            "colors": 4,
            "fruits": 6,
            "probs": Object {
              "favoriteColor": 0.5797792629643203,
              "leastPlentiful": 0.5434860937464615,
              "mostPlentiful": 0.6522031464237132,
              "random": 0.6044182939699548,
            },
            "ravenCount": 7,
            "wildCardCount": 1,
          },
          Object {
            "colors": 4,
            "fruits": 7,
            "probs": Object {
              "favoriteColor": 0.45027412313748094,
              "leastPlentiful": 0.41201525095288405,
              "mostPlentiful": 0.5337896531030898,
              "random": 0.4799372547832754,
            },
            "ravenCount": 7,
            "wildCardCount": 1,
          },
          Object {
            "colors": 4,
            "fruits": 8,
            "probs": Object {
              "favoriteColor": 0.33520825109993385,
              "leastPlentiful": 0.29900678041233225,
              "mostPlentiful": 0.42146362606270343,
              "random": 0.36683586735626017,
            },
            "ravenCount": 7,
            "wildCardCount": 1,
          },
          Object {
            "colors": 4,
            "fruits": 9,
            "probs": Object {
              "favoriteColor": 0.24032352223831066,
              "leastPlentiful": 0.20882073056880568,
              "mostPlentiful": 0.32209465232045414,
              "random": 0.27102571271878056,
            },
            "ravenCount": 7,
            "wildCardCount": 1,
          },
          Object {
            "colors": 4,
            "fruits": 10,
            "probs": Object {
              "favoriteColor": 0.1666431769236221,
              "leastPlentiful": 0.14100374028172327,
              "mostPlentiful": 0.23902412710411383,
              "random": 0.1943007399282123,
            },
            "ravenCount": 7,
            "wildCardCount": 1,
          },
          Object {
            "colors": 4,
            "fruits": 11,
            "probs": Object {
              "favoriteColor": 0.11218754005391192,
              "leastPlentiful": 0.09243187249632746,
              "mostPlentiful": 0.17275535005837997,
              "random": 0.13562875588886036,
            },
            "ravenCount": 7,
            "wildCardCount": 1,
          },
          Object {
            "colors": 4,
            "fruits": 12,
            "probs": Object {
              "favoriteColor": 0.07357161170080277,
              "leastPlentiful": 0.05902863269213088,
              "mostPlentiful": 0.12193221551378432,
              "random": 0.0924572270748499,
            },
            "ravenCount": 7,
            "wildCardCount": 1,
          },
        ],
        Array [
          Object {
            "colors": 4,
            "fruits": 1,
            "probs": Object {
              "favoriteColor": 0.9987449993752144,
              "leastPlentiful": 0.9987449993752144,
              "mostPlentiful": 0.9987449993752144,
              "random": 0.9987449993752144,
            },
            "ravenCount": 8,
            "wildCardCount": 1,
          },
          Object {
            "colors": 4,
            "fruits": 2,
            "probs": Object {
              "favoriteColor": 0.9896223153025261,
              "leastPlentiful": 0.9883624188658645,
              "mostPlentiful": 0.9913146431246173,
              "random": 0.989979927740071,
            },
            "ravenCount": 8,
            "wildCardCount": 1,
          },
          Object {
            "colors": 4,
            "fruits": 3,
            "probs": Object {
              "favoriteColor": 0.960924587194636,
              "leastPlentiful": 0.9550719172703409,
              "mostPlentiful": 0.9695061808957209,
              "random": 0.9631745296834128,
            },
            "ravenCount": 8,
            "wildCardCount": 1,
          },
          Object {
            "colors": 4,
            "fruits": 4,
            "probs": Object {
              "favoriteColor": 0.9029957201814116,
              "leastPlentiful": 0.8887735070761611,
              "mostPlentiful": 0.9258352121544045,
              "random": 0.909813919343014,
            },
            "ravenCount": 8,
            "wildCardCount": 1,
          },
          Object {
            "colors": 4,
            "fruits": 5,
            "probs": Object {
              "favoriteColor": 0.8144931478485922,
              "leastPlentiful": 0.7900337739059524,
              "mostPlentiful": 0.85748234786204,
              "random": 0.8284830132274896,
            },
            "ravenCount": 8,
            "wildCardCount": 1,
          },
          Object {
            "colors": 4,
            "fruits": 6,
            "probs": Object {
              "favoriteColor": 0.7028634001453118,
              "leastPlentiful": 0.6692182189587866,
              "mostPlentiful": 0.7674825028166921,
              "random": 0.7252065837575409,
            },
            "ravenCount": 8,
            "wildCardCount": 1,
          },
          Object {
            "colors": 4,
            "fruits": 7,
            "probs": Object {
              "favoriteColor": 0.5804615420191362,
              "leastPlentiful": 0.5409535208271221,
              "mostPlentiful": 0.663238292117178,
              "random": 0.6103712756356493,
            },
            "ravenCount": 8,
            "wildCardCount": 1,
          },
          Object {
            "colors": 4,
            "fruits": 8,
            "probs": Object {
              "favoriteColor": 0.45984640485545003,
              "leastPlentiful": 0.41864237829045026,
              "mostPlentiful": 0.5538678931769502,
              "random": 0.49494352435920325,
            },
            "ravenCount": 8,
            "wildCardCount": 1,
          },
          Object {
            "colors": 4,
            "fruits": 9,
            "probs": Object {
              "favoriteColor": 0.35058919697225077,
              "leastPlentiful": 0.31141130674193135,
              "mostPlentiful": 0.4478019453827211,
              "random": 0.38776824854589437,
            },
            "ravenCount": 8,
            "wildCardCount": 1,
          },
          Object {
            "colors": 4,
            "fruits": 10,
            "probs": Object {
              "favoriteColor": 0.2581334664990233,
              "leastPlentiful": 0.22354633338132812,
              "mostPlentiful": 0.35132680420658574,
              "random": 0.29442247499227486,
            },
            "ravenCount": 8,
            "wildCardCount": 1,
          },
          Object {
            "colors": 4,
            "fruits": 11,
            "probs": Object {
              "favoriteColor": 0.18417003823811962,
              "leastPlentiful": 0.15544065739598176,
              "mostPlentiful": 0.2681244635730708,
              "random": 0.21729413968530187,
            },
            "ravenCount": 8,
            "wildCardCount": 1,
          },
          Object {
            "colors": 4,
            "fruits": 12,
            "probs": Object {
              "favoriteColor": 0.1277259777787302,
              "leastPlentiful": 0.10504773974724545,
              "mostPlentiful": 0.19952124890795087,
              "random": 0.1563173399242689,
            },
            "ravenCount": 8,
            "wildCardCount": 1,
          },
        ],
        Array [
          Object {
            "colors": 4,
            "fruits": 1,
            "probs": Object {
              "favoriteColor": 0.99956095822718,
              "leastPlentiful": 0.99956095822718,
              "mostPlentiful": 0.99956095822718,
              "random": 0.99956095822718,
            },
            "ravenCount": 9,
            "wildCardCount": 1,
          },
          Object {
            "colors": 4,
            "fruits": 2,
            "probs": Object {
              "favoriteColor": 0.9956977503292349,
              "leastPlentiful": 0.9950979405809403,
              "mostPlentiful": 0.9964938795356169,
              "random": 0.9958667504077563,
            },
            "ravenCount": 9,
            "wildCardCount": 1,
          },
          Object {
            "colors": 4,
            "fruits": 3,
            "probs": Object {
              "favoriteColor": 0.9811856389258607,
              "leastPlentiful": 0.9778703246828339,
              "mostPlentiful": 0.9859375986203042,
              "random": 0.9824438026299823,
            },
            "ravenCount": 9,
            "wildCardCount": 1,
          },
          Object {
            "colors": 4,
            "fruits": 4,
            "probs": Object {
              "favoriteColor": 0.9469133057758659,
              "leastPlentiful": 0.937558366618357,
              "mostPlentiful": 0.9614968621970647,
              "random": 0.9513234906382403,
            },
            "ravenCount": 9,
            "wildCardCount": 1,
          },
          Object {
            "colors": 4,
            "fruits": 5,
            "probs": Object {
              "favoriteColor": 0.8867837321476101,
              "leastPlentiful": 0.8684509239115412,
              "mostPlentiful": 0.9179095200446271,
              "random": 0.8970649639897709,
            },
            "ravenCount": 9,
            "wildCardCount": 1,
          },
          Object {
            "colors": 4,
            "fruits": 6,
            "probs": Object {
              "favoriteColor": 0.8010298285849929,
              "leastPlentiful": 0.7727182836409993,
              "mostPlentiful": 0.8533659438022217,
              "random": 0.8194223093919866,
            },
            "ravenCount": 9,
            "wildCardCount": 1,
          },
          Object {
            "colors": 4,
            "fruits": 7,
            "probs": Object {
              "favoriteColor": 0.6960606570342126,
              "leastPlentiful": 0.6591797780128962,
              "mostPlentiful": 0.7702262862142845,
              "random": 0.7233239936768392,
            },
            "ravenCount": 9,
            "wildCardCount": 1,
          },
          Object {
            "colors": 4,
            "fruits": 8,
            "probs": Object {
              "favoriteColor": 0.581799390005579,
              "leastPlentiful": 0.5395428761440139,
              "mostPlentiful": 0.6741373045361431,
              "random": 0.6168914116367222,
            },
            "ravenCount": 9,
            "wildCardCount": 1,
          },
          Object {
            "colors": 4,
            "fruits": 9,
            "probs": Object {
              "favoriteColor": 0.4684672283212355,
              "leastPlentiful": 0.4246836607269549,
              "mostPlentiful": 0.5723117616488566,
              "random": 0.5089233953835345,
            },
            "ravenCount": 9,
            "wildCardCount": 1,
          },
          Object {
            "colors": 4,
            "fruits": 10,
            "probs": Object {
              "favoriteColor": 0.36423029353448194,
              "leastPlentiful": 0.32239614294016966,
              "mostPlentiful": 0.47180422485151047,
              "random": 0.406919448394079,
            },
            "ravenCount": 9,
            "wildCardCount": 1,
          },
          Object {
            "colors": 4,
            "fruits": 11,
            "probs": Object {
              "favoriteColor": 0.27416832835378896,
              "leastPlentiful": 0.23677854877299784,
              "mostPlentiful": 0.3783002701808182,
              "random": 0.31605398330765005,
            },
            "ravenCount": 9,
            "wildCardCount": 1,
          },
          Object {
            "colors": 4,
            "fruits": 12,
            "probs": Object {
              "favoriteColor": 0.20034214190749342,
              "leastPlentiful": 0.16874436783456181,
              "mostPlentiful": 0.29556367952840606,
              "random": 0.23901364821872348,
            },
            "ravenCount": 9,
            "wildCardCount": 1,
          },
        ],
        Array [
          Object {
            "colors": 4,
            "fruits": 1,
            "probs": Object {
              "favoriteColor": 0.9998482527609306,
              "leastPlentiful": 0.9998482527609306,
              "mostPlentiful": 0.9998482527609306,
              "random": 0.9998482527609306,
            },
            "ravenCount": 10,
            "wildCardCount": 1,
          },
          Object {
            "colors": 4,
            "fruits": 2,
            "probs": Object {
              "favoriteColor": 0.9982685215612928,
              "leastPlentiful": 0.9979964454118209,
              "mostPlentiful": 0.9986256092640772,
              "random": 0.9983446519029656,
            },
            "ravenCount": 10,
            "wildCardCount": 1,
          },
          Object {
            "colors": 4,
            "fruits": 3,
            "probs": Object {
              "favoriteColor": 0.9912983483087471,
              "leastPlentiful": 0.9895322710250811,
              "mostPlentiful": 0.9937741832378605,
              "random": 0.9919602391082134,
            },
            "ravenCount": 10,
            "wildCardCount": 1,
          },
          Object {
            "colors": 4,
            "fruits": 4,
            "probs": Object {
              "favoriteColor": 0.9722612673999129,
              "leastPlentiful": 0.9665265840328932,
              "mostPlentiful": 0.9809426034906209,
              "random": 0.9749205266579405,
            },
            "ravenCount": 10,
            "wildCardCount": 1,
          },
          Object {
            "colors": 4,
            "fruits": 5,
            "probs": Object {
              "favoriteColor": 0.9342236133102789,
              "leastPlentiful": 0.9215015750125399,
              "mostPlentiful": 0.9550932863397557,
              "random": 0.941220450296207,
            },
            "ravenCount": 10,
            "wildCardCount": 1,
          },
          Object {
            "colors": 4,
            "fruits": 6,
            "probs": Object {
              "favoriteColor": 0.8732664155753603,
              "leastPlentiful": 0.8513187927769398,
              "mostPlentiful": 0.9123209731706706,
              "random": 0.8872161974744306,
            },
            "ravenCount": 10,
            "wildCardCount": 1,
          },
          Object {
            "colors": 4,
            "fruits": 7,
            "probs": Object {
              "favoriteColor": 0.7903661831909335,
              "leastPlentiful": 0.7587719260230396,
              "mostPlentiful": 0.8513485007491174,
              "random": 0.8131727856123776,
            },
            "ravenCount": 10,
            "wildCardCount": 1,
          },
          Object {
            "colors": 4,
            "fruits": 8,
            "probs": Object {
              "favoriteColor": 0.6910608803958741,
              "leastPlentiful": 0.6514168251739844,
              "mostPlentiful": 0.7740189452381044,
              "random": 0.7231591665283673,
            },
            "ravenCount": 10,
            "wildCardCount": 1,
          },
          Object {
            "colors": 4,
            "fruits": 9,
            "probs": Object {
              "favoriteColor": 0.5835379488783705,
              "leastPlentiful": 0.5388907297854474,
              "mostPlentiful": 0.6847514361225585,
              "random": 0.6237056736385481,
            },
            "ravenCount": 10,
            "wildCardCount": 1,
          },
          Object {
            "colors": 4,
            "fruits": 10,
            "probs": Object {
              "favoriteColor": 0.4763229843356203,
              "leastPlentiful": 0.43025207425449397,
              "mostPlentiful": 0.5893755740345633,
              "random": 0.5220447282764237,
            },
            "ravenCount": 10,
            "wildCardCount": 1,
          },
          Object {
            "colors": 4,
            "fruits": 11,
            "probs": Object {
              "favoriteColor": 0.3764863229383419,
              "leastPlentiful": 0.33226140242989827,
              "mostPlentiful": 0.49386188997689245,
              "random": 0.4246201664661242,
            },
            "ravenCount": 10,
            "wildCardCount": 1,
          },
          Object {
            "colors": 4,
            "fruits": 12,
            "probs": Object {
              "favoriteColor": 0.2887371516448441,
              "leastPlentiful": 0.24878767817263733,
              "mostPlentiful": 0.4033264501482554,
              "random": 0.3361970148291034,
            },
            "ravenCount": 10,
            "wildCardCount": 1,
          },
        ],
        Array [
          Object {
            "colors": 4,
            "fruits": 1,
            "probs": Object {
              "favoriteColor": 0.9999480219043351,
              "leastPlentiful": 0.9999480219043351,
              "mostPlentiful": 0.9999480219043351,
              "random": 0.9999480219043351,
            },
            "ravenCount": 11,
            "wildCardCount": 1,
          },
          Object {
            "colors": 4,
            "fruits": 2,
            "probs": Object {
              "favoriteColor": 0.9993199017505242,
              "leastPlentiful": 0.9992012656651305,
              "mostPlentiful": 0.9994739696694995,
              "random": 0.9993528836562771,
            },
            "ravenCount": 11,
            "wildCardCount": 1,
          },
          Object {
            "colors": 4,
            "fruits": 3,
            "probs": Object {
              "favoriteColor": 0.9961111981743146,
              "leastPlentiful": 0.9952174383900819,
              "mostPlentiful": 0.9973373652128189,
              "random": 0.9964421338263497,
            },
            "ravenCount": 11,
            "wildCardCount": 1,
          },
          Object {
            "colors": 4,
            "fruits": 4,
            "probs": Object {
              "favoriteColor": 0.9860809931979961,
              "leastPlentiful": 0.9827689954681417,
              "mostPlentiful": 0.9909518158103593,
              "random": 0.9875921731463094,
            },
            "ravenCount": 11,
            "wildCardCount": 1,
          },
          Object {
            "colors": 4,
            "fruits": 5,
            "probs": Object {
              "favoriteColor": 0.9634310986920372,
              "leastPlentiful": 0.9551644524017955,
              "mostPlentiful": 0.97653726742571,
              "random": 0.9678907667510629,
            },
            "ravenCount": 11,
            "wildCardCount": 1,
          },
          Object {
            "colors": 4,
            "fruits": 6,
            "probs": Object {
              "favoriteColor": 0.9228798115582352,
              "leastPlentiful": 0.9070230705064928,
              "mostPlentiful": 0.9500454067364617,
              "random": 0.9327417733110374,
            },
            "ravenCount": 11,
            "wildCardCount": 1,
          },
          Object {
            "colors": 4,
            "fruits": 7,
            "probs": Object {
              "favoriteColor": 0.8618843456578341,
              "leastPlentiful": 0.8367535664925354,
              "mostPlentiful": 0.9084470867941378,
              "random": 0.8796006761772905,
            },
            "ravenCount": 11,
            "wildCardCount": 1,
          },
          Object {
            "colors": 4,
            "fruits": 8,
            "probs": Object {
              "favoriteColor": 0.7817665061975935,
              "leastPlentiful": 0.7473354510806566,
              "mostPlentiful": 0.8507658227853522,
              "random": 0.8089474442363273,
            },
            "ravenCount": 11,
            "wildCardCount": 1,
          },
          Object {
            "colors": 4,
            "fruits": 9,
            "probs": Object {
              "favoriteColor": 0.6873478597096231,
              "leastPlentiful": 0.6453051607272547,
              "mostPlentiful": 0.7784461151305183,
              "random": 0.7241768177083193,
            },
            "ravenCount": 11,
            "wildCardCount": 1,
          },
          Object {
            "colors": 4,
            "fruits": 10,
            "probs": Object {
              "favoriteColor": 0.5855260584212834,
              "leastPlentiful": 0.5387704365571409,
              "mostPlentiful": 0.6950120067423607,
              "random": 0.6306529370326932,
            },
            "ravenCount": 11,
            "wildCardCount": 1,
          },
          Object {
            "colors": 4,
            "fruits": 11,
            "probs": Object {
              "favoriteColor": 0.4835495645672794,
              "leastPlentiful": 0.4354295976758422,
              "mostPlentiful": 0.6052525933890959,
              "random": 0.5344320240048538,
            },
            "ravenCount": 11,
            "wildCardCount": 1,
          },
          Object {
            "colors": 4,
            "fruits": 12,
            "probs": Object {
              "favoriteColor": 0.3876144604046036,
              "leastPlentiful": 0.3412218055855311,
              "mostPlentiful": 0.514268048291758,
              "random": 0.4411112888525361,
            },
            "ravenCount": 11,
            "wildCardCount": 1,
          },
        ],
        Array [
          Object {
            "colors": 4,
            "fruits": 1,
            "probs": Object {
              "favoriteColor": 0.9999823157262386,
              "leastPlentiful": 0.9999823157262386,
              "mostPlentiful": 0.9999823157262386,
              "random": 0.9999823157262385,
            },
            "ravenCount": 12,
            "wildCardCount": 1,
          },
          Object {
            "colors": 4,
            "fruits": 2,
            "probs": Object {
              "favoriteColor": 0.9997381820591521,
              "leastPlentiful": 0.9996881134552118,
              "mostPlentiful": 0.9998025645391907,
              "random": 0.9997520180758176,
            },
            "ravenCount": 12,
            "wildCardCount": 1,
          },
          Object {
            "colors": 4,
            "fruits": 3,
            "probs": Object {
              "favoriteColor": 0.9983123925273106,
              "leastPlentiful": 0.9978792611625115,
              "mostPlentiful": 0.9988942798693238,
              "random": 0.9984709115392816,
            },
            "ravenCount": 12,
            "wildCardCount": 1,
          },
          Object {
            "colors": 4,
            "fruits": 4,
            "probs": Object {
              "favoriteColor": 0.9932591516035565,
              "leastPlentiful": 0.9914414716156158,
              "mostPlentiful": 0.9958573566949576,
              "random": 0.9940754978675798,
            },
            "ravenCount": 12,
            "wildCardCount": 1,
          },
          Object {
            "colors": 4,
            "fruits": 5,
            "probs": Object {
              "favoriteColor": 0.9804535883026291,
              "leastPlentiful": 0.9753784460429201,
              "mostPlentiful": 0.988232724691075,
              "random": 0.9831399631594097,
            },
            "ravenCount": 12,
            "wildCardCount": 1,
          },
          Object {
            "colors": 4,
            "fruits": 6,
            "probs": Object {
              "favoriteColor": 0.954979055449933,
              "leastPlentiful": 0.9442031728589808,
              "mostPlentiful": 0.9727570396480307,
              "random": 0.9615383257816105,
            },
            "ravenCount": 12,
            "wildCardCount": 1,
          },
          Object {
            "colors": 4,
            "fruits": 7,
            "probs": Object {
              "favoriteColor": 0.9127796274507788,
              "leastPlentiful": 0.8940435204888942,
              "mostPlentiful": 0.9461083122862552,
              "random": 0.925680522346538,
            },
            "ravenCount": 12,
            "wildCardCount": 1,
          },
          Object {
            "colors": 4,
            "fruits": 8,
            "probs": Object {
              "favoriteColor": 0.8522089952458708,
              "leastPlentiful": 0.8242611282222252,
              "mostPlentiful": 0.9058506325878396,
              "random": 0.8737224325991311,
            },
            "ravenCount": 12,
            "wildCardCount": 1,
          },
          Object {
            "colors": 4,
            "fruits": 9,
            "probs": Object {
              "favoriteColor": 0.7747327568369918,
              "leastPlentiful": 0.7378199092263943,
              "mostPlentiful": 0.8511867304952411,
              "random": 0.8062184602755482,
            },
            "ravenCount": 12,
            "wildCardCount": 1,
          },
          Object {
            "colors": 4,
            "fruits": 10,
            "probs": Object {
              "favoriteColor": 0.6845835251888545,
              "leastPlentiful": 0.6404305325966364,
              "mostPlentiful": 0.7832502487001416,
              "random": 0.7260289107035335,
            },
            "ravenCount": 12,
            "wildCardCount": 1,
          },
          Object {
            "colors": 4,
            "fruits": 11,
            "probs": Object {
              "favoriteColor": 0.5876697791658263,
              "leastPlentiful": 0.539033626610258,
              "mostPlentiful": 0.7048912609807406,
              "random": 0.6376342767409703,
            },
            "ravenCount": 12,
            "wildCardCount": 1,
          },
          Object {
            "colors": 4,
            "fruits": 12,
            "probs": Object {
              "favoriteColor": 0.4902491613791779,
              "leastPlentiful": 0.4402778042779442,
              "mostPlentiful": 0.6200941308516557,
              "random": 0.5461807316353241,
            },
            "ravenCount": 12,
            "wildCardCount": 1,
          },
        ],
      ]
    }
    getTooltipBody={[Function]}
    tooltip={true}
  />
</styled.div>
`;
