// Jest Snapshot v1, https://goo.gl/fbAQLP

exports[`smoke and snapshot tests renders first demonstration successfully 1`] = `
<SliderProvider
  column={true}
  fullWidthAt="small"
  initialData={
    Array [
      Object {
        "color": "#555555",
        "initialValue": 4,
        "max": 5,
        "min": 1,
        "step": 1,
        "tickCount": 5,
        "title": [Function],
      },
      Object {
        "color": "#555555",
        "initialValue": 1,
        "max": 5,
        "min": 1,
        "step": 1,
        "tickCount": 5,
        "title": [Function],
      },
    ]
  }
  render={[Function]}
  width="50%"
/>
`;
