// Jest Snapshot v1, https://goo.gl/fbAQLP

exports[`matches snapshot 1`] = `
<styled.svg
  marginTop={0}
  viewBox="0 0 500 300"
  xmlns="http://www.w3.org/2000/svg"
>
  <defs>
    <clipPath
      id="clip-path-svg"
    >
      <rect
        height={280}
        width={490}
        x={0}
        y={10}
      />
    </clipPath>
  </defs>
  <g
    clipPath="url(#clip-path-svg)"
  >
    <rect
      height={200}
      width={100}
      x={0}
      y={10}
    />
    <circle
      cx={300}
      cy={100}
      r={100}
    />
  </g>
</styled.svg>
`;
