// Jest Snapshot v1, https://goo.gl/fbAQLP

exports[`matches snapshot for a fair coin 1`] = `
<DocumentFragment>
  <div
    class="sc-iwsKbI jBwqOv"
    width="auto"
  >
    <h4
      class="sc-dVhcbM ebonWU"
    >
      Default Title
    </h4>
    <div
      class="sc-iwsKbI hNOgLE"
      width="100%"
    >
      <div
        class="sc-fAjcbJ eeegtu"
      >
        <i
          class="sc-gZMcBi jlsrdS fas fa-square fa-1x false"
          style="color: rgb(94, 207, 255); opacity: 1;"
        />
        <span
          class="sc-eqIVtm esFEGY"
        >
          Blue label
        </span>
      </div>
      <div
        class="sc-fAjcbJ eeegtu"
      >
        <i
          class="sc-gZMcBi jlsrdS fas fa-square fa-1x false"
          style="color: rgb(255, 60, 35); opacity: 1;"
        />
        <span
          class="sc-eqIVtm esFEGY"
        >
          Red label
        </span>
      </div>
    </div>
  </div>
</DocumentFragment>
`;
