// Jest Snapshot v1, https://goo.gl/fbAQLP

exports[`smoke and snapshot tests renders with district counts 1`] = `
<div>
  <p>
    Here's a sample efficiency gap calculation based on the districts you created above.
  </p>
  <Styled(styled.table)
    margin="0 0 1.44rem 0"
  >
    <thead>
      <tr>
        <th>
          District
        </th>
        <th>
          Wasted Votes
        </th>
        <th>
          Wasted Votes
        </th>
      </tr>
    </thead>
    <tbody>
      <tr
        key="0"
      >
        <td>
          1
        </td>
        <td>
          5
          4
        </td>
        <td>
          NaN
        </td>
      </tr>
      <tr>
        <td>
          Total
        </td>
        <td>
          05,4
        </td>
        <td>
          NaN
        </td>
      </tr>
      <tr>
        <td>
          Efficiency Gap
        </td>
        <td
          colSpan="2"
        >
          <div>
            (
            <styled.span
              bold={false}
              color="#2227FF"
            >
              05,4
            </styled.span>
             
            –
             
            <styled.span
              bold={false}
              color="#FF3C23"
            >
              NaN
            </styled.span>
            ) ÷ 
            05,45,4
             = 
            NaN
            %
             in favor of red
            .
          </div>
        </td>
      </tr>
    </tbody>
  </Styled(styled.table)>
</div>
`;

exports[`smoke and snapshot tests renders with no district counts 1`] = `
<p>
  <b>
    To see a sample calculation of the efficiency gap, please finish drawing your districts above.
  </b>
</p>
`;
