// Jest Snapshot v1, https://goo.gl/fbAQLP

exports[`renders children when passed in successfully 1`] = `
<div
  className="sc-bdVaJa ipyROz"
  wrap={false}
>
  <div>
    Here's a child
  </div>
  <div>
    Here's another
  </div>
  <div>
    Here's a third
  </div>
</div>
`;

exports[`renders props when passed in 1`] = `
<div
  className="sc-bdVaJa jrcPFz"
  wrap={true}
/>
`;

exports[`renders successfully 1`] = `
<div
  className="sc-bdVaJa crTGFb"
  wrap={false}
/>
`;
