// Jest Snapshot v1, https://goo.gl/fbAQLP

exports[`matches snapshot with props and children 1`] = `
<DocumentFragment>
  <div
    class="sc-bdVaJa gfBVwD"
    width="90%"
  >
    <div>
      Here's a child
    </div>
    <div>
      Here's another
    </div>
    <div>
      Here's a third
    </div>
  </div>
</DocumentFragment>
`;
